Component: ARM Compiler 5.05 update 1 (build 106) Tool: armlink [4d0efa]

==============================================================================

Section Cross References

    main.o(.text) refers to _printf_percent.o(.ARM.Collect$$_printf_percent$$00000000) for _printf_percent
    main.o(.text) refers to _printf_f.o(.ARM.Collect$$_printf_percent$$00000003) for _printf_f
    main.o(.text) refers to printf1.o(x$fpl$printf1) for _printf_fp_dec
    main.o(.text) refers to _printf_d.o(.ARM.Collect$$_printf_percent$$00000009) for _printf_d
    main.o(.text) refers to _printf_dec.o(.text) for _printf_int_dec
    main.o(.text) refers to misc.o(.text) for NVIC_PriorityGroupConfig
    main.o(.text) refers to delay.o(.text) for delay_init
    main.o(.text) refers to usart.o(.text) for uart_init
    main.o(.text) refers to gpio.o(.text) for GPIO_ALLInit
    main.o(.text) refers to noretval__2printf.o(.text) for __2printf
    main.o(.text) refers to dflt_clz.o(x$fpl$dfltu) for __aeabi_ui2d
    main.o(.text) refers to ddiv.o(x$fpl$ddiv) for __aeabi_ddiv
    main.o(.text) refers to d2f.o(x$fpl$d2f) for __aeabi_d2f
    main.o(.text) refers to f2d.o(x$fpl$f2d) for __aeabi_f2d
    main.o(.text) refers to dmul.o(x$fpl$dmul) for __aeabi_dmul
    main.o(.text) refers to gpio.o(.data) for mode_flag
    main.o(.text) refers to main.o(.bss) for xw_save
    system_stm32f4xx.o(.text) refers to system_stm32f4xx.o(.data) for SystemCoreClock
    adc.o(.text) refers to stm32f4xx_rcc.o(.text) for RCC_AHB1PeriphClockCmd
    adc.o(.text) refers to stm32f4xx_gpio.o(.text) for GPIO_Init
    adc.o(.text) refers to stm32f4xx_adc.o(.text) for ADC_CommonInit
    adc.o(.text) refers to delay.o(.text) for delay_ms
    dac.o(.text) refers to stm32f4xx_rcc.o(.text) for RCC_AHB1PeriphClockCmd
    dac.o(.text) refers to stm32f4xx_gpio.o(.text) for GPIO_Init
    dac.o(.text) refers to stm32f4xx_dac.o(.text) for DAC_Init
    dac.o(.text) refers to dflt_clz.o(x$fpl$dfltu) for __aeabi_ui2d
    dac.o(.text) refers to ddiv.o(x$fpl$ddiv) for __aeabi_ddiv
    dac.o(.text) refers to dmul.o(x$fpl$dmul) for __aeabi_dmul
    dac.o(.text) refers to dfixu.o(x$fpl$dfixu) for __aeabi_d2uiz
    gpio.o(.text) refers to stm32f4xx_tim.o(.text) for TIM_OC1PolarityConfig
    gpio.o(.text) refers to stm32f4xx_rcc.o(.text) for RCC_AHB1PeriphClockCmd
    gpio.o(.text) refers to stm32f4xx_gpio.o(.text) for GPIO_Init
    gpio.o(.text) refers to misc.o(.text) for NVIC_Init
    gpio.o(.text) refers to gpio.o(.data) for FINISH
    delay.o(.text) refers to misc.o(.text) for SysTick_CLKSourceConfig
    delay.o(.text) refers to delay.o(.data) for fac_us
    usart.o(.rev16_text) refers (Special) to use_no_semi_2.o(.text) for __use_no_semihosting
    usart.o(.revsh_text) refers (Special) to use_no_semi_2.o(.text) for __use_no_semihosting
    usart.o(.text) refers (Special) to use_no_semi_2.o(.text) for __use_no_semihosting
    usart.o(.text) refers to stm32f4xx_rcc.o(.text) for RCC_AHB1PeriphClockCmd
    usart.o(.text) refers to stm32f4xx_gpio.o(.text) for GPIO_PinAFConfig
    usart.o(.text) refers to stm32f4xx_usart.o(.text) for USART_Init
    usart.o(.text) refers to misc.o(.text) for NVIC_Init
    usart.o(.text) refers to usart.o(.data) for USART_RX_STA
    usart.o(.text) refers to gpio.o(.data) for mode_flag
    usart.o(.bss) refers (Special) to use_no_semi_2.o(.text) for __use_no_semihosting
    usart.o(.data) refers (Special) to use_no_semi_2.o(.text) for __use_no_semihosting
    startup_stm32f40_41xxx.o(STACK) refers (Special) to heapauxi.o(.text) for __use_two_region_memory
    startup_stm32f40_41xxx.o(HEAP) refers (Special) to heapauxi.o(.text) for __use_two_region_memory
    startup_stm32f40_41xxx.o(RESET) refers (Special) to heapauxi.o(.text) for __use_two_region_memory
    startup_stm32f40_41xxx.o(RESET) refers to startup_stm32f40_41xxx.o(STACK) for __initial_sp
    startup_stm32f40_41xxx.o(RESET) refers to startup_stm32f40_41xxx.o(.text) for Reset_Handler
    startup_stm32f40_41xxx.o(RESET) refers to stm32f4xx_it.o(.text) for NMI_Handler
    startup_stm32f40_41xxx.o(RESET) refers to gpio.o(.text) for TIM2_IRQHandler
    startup_stm32f40_41xxx.o(RESET) refers to usart.o(.text) for USART1_IRQHandler
    startup_stm32f40_41xxx.o(.text) refers (Special) to heapauxi.o(.text) for __use_two_region_memory
    startup_stm32f40_41xxx.o(.text) refers to system_stm32f4xx.o(.text) for SystemInit
    startup_stm32f40_41xxx.o(.text) refers to __main.o(!!!main) for __main
    startup_stm32f40_41xxx.o(.text) refers to startup_stm32f40_41xxx.o(HEAP) for Heap_Mem
    startup_stm32f40_41xxx.o(.text) refers to startup_stm32f40_41xxx.o(STACK) for Stack_Mem
    stm32f4xx_adc.o(.text) refers to stm32f4xx_rcc.o(.text) for RCC_APB2PeriphResetCmd
    stm32f4xx_can.o(.text) refers to stm32f4xx_rcc.o(.text) for RCC_APB1PeriphResetCmd
    stm32f4xx_cryp.o(.text) refers to stm32f4xx_rcc.o(.text) for RCC_AHB2PeriphResetCmd
[...]
    ../clib/stdlib.c                         0x00000000   Number         0  exit.o ABSOLUTE
    ../fplib/d2f.s                           0x00000000   Number         0  d2f.o ABSOLUTE
    ../fplib/ddiv.s                          0x00000000   Number         0  ddiv.o ABSOLUTE
    ../fplib/dfixu.s                         0x00000000   Number         0  dfixu.o ABSOLUTE
    ../fplib/dflt.s                          0x00000000   Number         0  dflt_clz.o ABSOLUTE
    ../fplib/dmul.s                          0x00000000   Number         0  dmul.o ABSOLUTE
    ../fplib/dnaninf.s                       0x00000000   Number         0  dnaninf.o ABSOLUTE
    ../fplib/dretinf.s                       0x00000000   Number         0  dretinf.o ABSOLUTE
    ../fplib/f2d.s                           0x00000000   Number         0  f2d.o ABSOLUTE
    ../fplib/fnaninf.s                       0x00000000   Number         0  fnaninf.o ABSOLUTE
    ../fplib/fpinit.s                        0x00000000   Number         0  fpinit.o ABSOLUTE
    ../fplib/fretinf.s                       0x00000000   Number         0  fretinf.o ABSOLUTE
    ../fplib/istatus.s                       0x00000000   Number         0  istatus.o ABSOLUTE
    ../fplib/printf1.s                       0x00000000   Number         0  printf1.o ABSOLUTE
    ../fplib/usenofp.s                       0x00000000   Number         0  usenofp.o ABSOLUTE
    ../mathlib/fpclassify.c                  0x00000000   Number         0  fpclassify.o ABSOLUTE
    ..\CORE\startup_stm32f40_41xxx.s         0x00000000   Number         0  startup_stm32f40_41xxx.o ABSOLUTE
    ..\FWLIB\src\misc.c                      0x00000000   Number         0  misc.o ABSOLUTE
    ..\FWLIB\src\stm32f4xx_adc.c             0x00000000   Number         0  stm32f4xx_adc.o ABSOLUTE
    ..\FWLIB\src\stm32f4xx_can.c             0x00000000   Number         0  stm32f4xx_can.o ABSOLUTE
    ..\FWLIB\src\stm32f4xx_crc.c             0x00000000   Number         0  stm32f4xx_crc.o ABSOLUTE
    ..\FWLIB\src\stm32f4xx_cryp.c            0x00000000   Number         0  stm32f4xx_cryp.o ABSOLUTE
    ..\FWLIB\src\stm32f4xx_cryp_aes.c        0x00000000   Number         0  stm32f4xx_cryp_aes.o ABSOLUTE
    ..\FWLIB\src\stm32f4xx_cryp_des.c        0x00000000   Number         0  stm32f4xx_cryp_des.o ABSOLUTE
    ..\FWLIB\src\stm32f4xx_cryp_tdes.c       0x00000000   Number         0  stm32f4xx_cryp_tdes.o ABSOLUTE
    ..\FWLIB\src\stm32f4xx_dac.c             0x00000000   Number         0  stm32f4xx_dac.o ABSOLUTE
    ..\FWLIB\src\stm32f4xx_dbgmcu.c          0x00000000   Number         0  stm32f4xx_dbgmcu.o ABSOLUTE
    ..\FWLIB\src\stm32f4xx_dcmi.c            0x00000000   Number         0  stm32f4xx_dcmi.o ABSOLUTE
    ..\FWLIB\src\stm32f4xx_dma.c             0x00000000   Number         0  stm32f4xx_dma.o ABSOLUTE
    ..\FWLIB\src\stm32f4xx_dma2d.c           0x00000000   Number         0  stm32f4xx_dma2d.o ABSOLUTE
    ..\FWLIB\src\stm32f4xx_exti.c            0x00000000   Number         0  stm32f4xx_exti.o ABSOLUTE
    ..\FWLIB\src\stm32f4xx_flash.c           0x00000000   Number         0  stm32f4xx_flash.o ABSOLUTE
    ..\FWLIB\src\stm32f4xx_flash_ramfunc.c   0x00000000   Number         0  stm32f4xx_flash_ramfunc.o ABSOLUTE
    ..\FWLIB\src\stm32f4xx_fsmc.c            0x00000000   Number         0  stm32f4xx_fsmc.o ABSOLUTE
    ..\FWLIB\src\stm32f4xx_gpio.c            0x00000000   Number         0  stm32f4xx_gpio.o ABSOLUTE
    ..\FWLIB\src\stm32f4xx_hash.c            0x00000000   Number         0  stm32f4xx_hash.o ABSOLUTE
    ..\FWLIB\src\stm32f4xx_hash_md5.c        0x00000000   Number         0  stm32f4xx_hash_md5.o ABSOLUTE
    ..\FWLIB\src\stm32f4xx_hash_sha1.c       0x00000000   Number         0  stm32f4xx_hash_sha1.o ABSOLUTE
    ..\FWLIB\src\stm32f4xx_i2c.c             0x00000000   Number         0  stm32f4xx_i2c.o ABSOLUTE
    ..\FWLIB\src\stm32f4xx_iwdg.c            0x00000000   Number         0  stm32f4xx_iwdg.o ABSOLUTE
    ..\FWLIB\src\stm32f4xx_ltdc.c            0x00000000   Number         0  stm32f4xx_ltdc.o ABSOLUTE
    ..\FWLIB\src\stm32f4xx_pwr.c             0x00000000   Number         0  stm32f4xx_pwr.o ABSOLUTE
    ..\FWLIB\src\stm32f4xx_rcc.c             0x00000000   Number         0  stm32f4xx_rcc.o ABSOLUTE
    ..\FWLIB\src\stm32f4xx_rng.c             0x00000000   Number         0  stm32f4xx_rng.o ABSOLUTE
    ..\FWLIB\src\stm32f4xx_rtc.c             0x00000000   Number         0  stm32f4xx_rtc.o ABSOLUTE
    ..\FWLIB\src\stm32f4xx_sai.c             0x00000000   Number         0  stm32f4xx_sai.o ABSOLUTE
    ..\FWLIB\src\stm32f4xx_sdio.c            0x00000000   Number         0  stm32f4xx_sdio.o ABSOLUTE
    ..\FWLIB\src\stm32f4xx_spi.c             0x00000000   Number         0  stm32f4xx_spi.o ABSOLUTE
    ..\FWLIB\src\stm32f4xx_syscfg.c          0x00000000   Number         0  stm32f4xx_syscfg.o ABSOLUTE
    ..\FWLIB\src\stm32f4xx_tim.c             0x00000000   Number         0  stm32f4xx_tim.o ABSOLUTE
    ..\FWLIB\src\stm32f4xx_usart.c           0x00000000   Number         0  stm32f4xx_usart.o ABSOLUTE
    ..\FWLIB\src\stm32f4xx_wwdg.c            0x00000000   Number         0  stm32f4xx_wwdg.o ABSOLUTE
    ..\HARDWARE\ADC\adc.c                    0x00000000   Number         0  adc.o ABSOLUTE
    ..\HARDWARE\DAC\dac.c                    0x00000000   Number         0  dac.o ABSOLUTE
    ..\HARDWARE\TIM\TIM.c                    0x00000000   Number         0  tim.o ABSOLUTE
    ..\HARDWARE\gpio\gpio.c                  0x00000000   Number         0  gpio.o ABSOLUTE
    ..\SYSTEM\delay\delay.c                  0x00000000   Number         0  delay.o ABSOLUTE
    ..\SYSTEM\sys\sys.c                      0x00000000   Number         0  sys.o ABSOLUTE
    ..\SYSTEM\usart\usart.c                  0x00000000   Number         0  usart.o ABSOLUTE
    ..\\FWLIB\\src\\misc.c                   0x00000000   Number         0  misc.o ABSOLUTE
    ..\\FWLIB\\src\\stm32f4xx_adc.c          0x00000000   Number         0  stm32f4xx_adc.o ABSOLUTE
    ..\\FWLIB\\src\\stm32f4xx_can.c          0x00000000   Number         0  stm32f4xx_can.o ABSOLUTE
    ..\\FWLIB\\src\\stm32f4xx_crc.c          0x00000000   Number         0  stm32f4xx_crc.o ABSOLUTE
    ..\\FWLIB\\src\\stm32f4xx_cryp.c         0x00000000   Number         0  stm32f4xx_cryp.o ABSOLUTE
    ..\\FWLIB\\src\\stm32f4xx_cryp_aes.c     0x00000000   Number         0  stm32f4xx_cryp_aes.o ABSOLUTE
    ..\\FWLIB\\src\\stm32f4xx_cryp_des.c     0x00000000   Number         0  stm32f4xx_cryp_des.o ABSOLUTE
    ..\\FWLIB\\src\\stm32f4xx_cryp_tdes.c    0x00000000   Number         0  stm32f4xx_cryp_tdes.o ABSOLUTE
    ..\\FWLIB\\src\\stm32f4xx_dac.c          0x00000000   Number         0  stm32f4xx_dac.o ABSOLUTE
    ..\\FWLIB\\src\\stm32f4xx_dbgmcu.c       0x00000000   Number         0  stm32f4xx_dbgmcu.o ABSOLUTE
    ..\\FWLIB\\src\\stm32f4xx_dcmi.c         0x00000000   Number         0  stm32f4xx_dcmi.o ABSOLUTE
    ..\\FWLIB\\src\\stm32f4xx_dma.c          0x00000000   Number         0  stm32f4xx_dma.o ABSOLUTE
    ..\\FWLIB\\src\\stm32f4xx_dma2d.c        0x00000000   Number         0  stm32f4xx_dma2d.o ABSOLUTE
    ..\\FWLIB\\src\\stm32f4xx_exti.c         0x00000000   Number         0  stm32f4xx_exti.o ABSOLUTE
    ..\\FWLIB\\src\\stm32f4xx_flash.c        0x00000000   Number         0  stm32f4xx_flash.o ABSOLUTE
    ..\\FWLIB\\src\\stm32f4xx_flash_ramfunc.c 0x00000000   Number         0  stm32f4xx_flash_ramfunc.o ABSOLUTE
    ..\\FWLIB\\src\\stm32f4xx_fsmc.c         0x00000000   Number         0  stm32f4xx_fsmc.o ABSOLUTE
    ..\\FWLIB\\src\\stm32f4xx_gpio.c         0x00000000   Number         0  stm32f4xx_gpio.o ABSOLUTE
    ..\\FWLIB\\src\\stm32f4xx_hash.c         0x00000000   Number         0  stm32f4xx_hash.o ABSOLUTE
    ..\\FWLIB\\src\\stm32f4xx_hash_md5.c     0x00000000   Number         0  stm32f4xx_hash_md5.o ABSOLUTE
    ..\\FWLIB\\src\\stm32f4xx_hash_sha1.c    0x00000000   Number         0  stm32f4xx_hash_sha1.o ABSOLUTE
    ..\\FWLIB\\src\\stm32f4xx_i2c.c          0x00000000   Number         0  stm32f4xx_i2c.o ABSOLUTE
    ..\\FWLIB\\src\\stm32f4xx_iwdg.c         0x00000000   Number         0  stm32f4xx_iwdg.o ABSOLUTE
    ..\\FWLIB\\src\\stm32f4xx_ltdc.c         0x00000000   Number         0  stm32f4xx_ltdc.o ABSOLUTE
    ..\\FWLIB\\src\\stm32f4xx_pwr.c          0x00000000   Number         0  stm32f4xx_pwr.o ABSOLUTE
    ..\\FWLIB\\src\\stm32f4xx_rcc.c          0x00000000   Number         0  stm32f4xx_rcc.o ABSOLUTE
    ..\\FWLIB\\src\\stm32f4xx_rng.c          0x00000000   Number         0  stm32f4xx_rng.o ABSOLUTE
    ..\\FWLIB\\src\\stm32f4xx_rtc.c          0x00000000   Number         0  stm32f4xx_rtc.o ABSOLUTE
    ..\\FWLIB\\src\\stm32f4xx_sai.c          0x00000000   Number         0  stm32f4xx_sai.o ABSOLUTE
    ..\\FWLIB\\src\\stm32f4xx_sdio.c         0x00000000   Number         0  stm32f4xx_sdio.o ABSOLUTE
    ..\\FWLIB\\src\\stm32f4xx_spi.c          0x00000000   Number         0  stm32f4xx_spi.o ABSOLUTE
    ..\\FWLIB\\src\\stm32f4xx_syscfg.c       0x00000000   Number         0  stm32f4xx_syscfg.o ABSOLUTE
    ..\\FWLIB\\src\\stm32f4xx_tim.c          0x00000000   Number         0  stm32f4xx_tim.o ABSOLUTE
    ..\\FWLIB\\src\\stm32f4xx_usart.c        0x00000000   Number         0  stm32f4xx_usart.o ABSOLUTE
    ..\\FWLIB\\src\\stm32f4xx_wwdg.c         0x00000000   Number         0  stm32f4xx_wwdg.o ABSOLUTE
    ..\\HARDWARE\\ADC\\adc.c                 0x00000000   Number         0  adc.o ABSOLUTE
    ..\\HARDWARE\\DAC\\dac.c                 0x00000000   Number         0  dac.o ABSOLUTE
    ..\\HARDWARE\\gpio\\gpio.c               0x00000000   Number         0  gpio.o ABSOLUTE
    ..\\SYSTEM\\delay\\delay.c               0x00000000   Number         0  delay.o ABSOLUTE
    ..\\SYSTEM\\sys\\sys.c                   0x00000000   Number         0  sys.o ABSOLUTE
    ..\\SYSTEM\\usart\\usart.c               0x00000000   Number         0  usart.o ABSOLUTE
    dc.s                                     0x00000000   Number         0  dc.o ABSOLUTE
    main.c                                   0x00000000   Number         0  main.o ABSOLUTE
    main.c                                   0x00000000   Number         0  main.o ABSOLUTE
    stm32f4xx_it.c                           0x00000000   Number         0  stm32f4xx_it.o ABSOLUTE
    stm32f4xx_it.c                           0x00000000   Number         0  stm32f4xx_it.o ABSOLUTE
    system_stm32f4xx.c                       0x00000000   Number         0  system_stm32f4xx.o ABSOLUTE
    system_stm32f4xx.c                       0x00000000   Number         0  system_stm32f4xx.o ABSOLUTE
    RESET                                    0x08000000   Section      392  startup_stm32f40_41xxx.o(RESET)
    !!!main                                  0x08000188   Section        8  __main.o(!!!main)
    !!!scatter                               0x08000190   Section       52  __scatter.o(!!!scatter)
    !!handler_copy                           0x080001c4   Section       26  __scatter_copy.o(!!handler_copy)
    !!handler_zi                             0x080001e0   Section       28  __scatter_zi.o(!!handler_zi)
    .ARM.Collect$$_printf_percent$$00000000  0x080001fc   Section        0  _printf_percent.o(.ARM.Collect$$_printf_percent$$00000000)
    .ARM.Collect$$_printf_percent$$00000003  0x080001fc   Section        6  _printf_f.o(.ARM.Collect$$_printf_percent$$00000003)
    .ARM.Collect$$_printf_percent$$00000009  0x08000202   Section        6  _printf_d.o(.ARM.Collect$$_printf_percent$$00000009)
    .ARM.Collect$$_printf_percent$$00000017  0x08000208   Section        4  _printf_percent_end.o(.ARM.Collect$$_printf_percent$$00000017)
    .ARM.Collect$$libinit$$00000000          0x0800020c   Section        2  libinit.o(.ARM.Collect$$libinit$$00000000)
    .ARM.Collect$$libinit$$00000001          0x0800020e   Section        4  libinit2.o(.ARM.Collect$$libinit$$00000001)
    .ARM.Collect$$libinit$$00000004          0x08000212   Section        0  libinit2.o(.ARM.Collect$$libinit$$00000004)
    .ARM.Collect$$libinit$$0000000A          0x08000212   Section        0  libinit2.o(.ARM.Collect$$libinit$$0000000A)
    .ARM.Collect$$libinit$$0000000C          0x08000212   Section        0  libinit2.o(.ARM.Collect$$libinit$$0000000C)
    .ARM.Collect$$libinit$$0000000E          0x08000212   Section        0  libinit2.o(.ARM.Collect$$libinit$$0000000E)
    .ARM.Collect$$libinit$$0000000F          0x08000212   Section        6  libinit2.o(.ARM.Collect$$libinit$$0000000F)
    .ARM.Collect$$libinit$$00000011          0x08000218   Section        0  libinit2.o(.ARM.Collect$$libinit$$00000011)
    .ARM.Collect$$libinit$$00000013          0x08000218   Section        0  libinit2.o(.ARM.Collect$$libinit$$00000013)
    .ARM.Collect$$libinit$$00000015          0x08000218   Section        0  libinit2.o(.ARM.Collect$$libinit$$00000015)
    .ARM.Collect$$libinit$$00000016          0x08000218   Section       10  libinit2.o(.ARM.Collect$$libinit$$00000016)
    .ARM.Collect$$libinit$$00000017          0x08000222   Section        0  libinit2.o(.ARM.Collect$$libinit$$00000017)
    .ARM.Collect$$libinit$$00000019          0x08000222   Section        0  libinit2.o(.ARM.Collect$$libinit$$00000019)
    .ARM.Collect$$libinit$$0000001B          0x08000222   Section        0  libinit2.o(.ARM.Collect$$libinit$$0000001B)
    .ARM.Collect$$libinit$$0000001D          0x08000222   Section        0  libinit2.o(.ARM.Collect$$libinit$$0000001D)
    .ARM.Collect$$libinit$$0000001F          0x08000222   Section        0  libinit2.o(.ARM.Collect$$libinit$$0000001F)
    .ARM.Collect$$libinit$$00000021          0x08000222   Section        0  libinit2.o(.ARM.Collect$$libinit$$00000021)
    .ARM.Collect$$libinit$$00000023          0x08000222   Section        0  libinit2.o(.ARM.Collect$$libinit$$00000023)
    .ARM.Collect$$libinit$$00000025          0x08000222   Section        0  libinit2.o(.ARM.Collect$$libinit$$00000025)
    .ARM.Collect$$libinit$$0000002C          0x08000222   Section        0  libinit2.o(.ARM.Collect$$libinit$$0000002C)
    .ARM.Collect$$libinit$$0000002E          0x08000222   Section        0  libinit2.o(.ARM.Collect$$libinit$$0000002E)
    .ARM.Collect$$libinit$$00000030          0x08000222   Section        0  libinit2.o(.ARM.Collect$$libinit$$00000030)
    .ARM.Collect$$libinit$$00000032          0x08000222   Section        0  libinit2.o(.ARM.Collect$$libinit$$00000032)
    .ARM.Collect$$libinit$$00000033          0x08000222   Section        2  libinit2.o(.ARM.Collect$$libinit$$00000033)
    .ARM.Collect$$libshutdown$$00000000      0x08000224   Section        2  libshutdown.o(.ARM.Collect$$libshutdown$$00000000)
    .ARM.Collect$$libshutdown$$00000003      0x08000226   Section        0  libshutdown2.o(.ARM.Collect$$libshutdown$$00000003)
    .ARM.Collect$$libshutdown$$00000006      0x08000226   Section        0  libshutdown2.o(.ARM.Collect$$libshutdown$$00000006)
    .ARM.Collect$$libshutdown$$00000009      0x08000226   Section        0  libshutdown2.o(.ARM.Collect$$libshutdown$$00000009)
    .ARM.Collect$$libshutdown$$0000000B      0x08000226   Section        0  libshutdown2.o(.ARM.Collect$$libshutdown$$0000000B)
    .ARM.Collect$$libshutdown$$0000000E      0x08000226   Section        0  libshutdown2.o(.ARM.Collect$$libshutdown$$0000000E)
    .ARM.Collect$$libshutdown$$0000000F      0x08000226   Section        2  libshutdown2.o(.ARM.Collect$$libshutdown$$0000000F)
    .ARM.Collect$$rtentry$$00000000          0x08000228   Section        0  __rtentry.o(.ARM.Collect$$rtentry$$00000000)
    .ARM.Collect$$rtentry$$00000002          0x08000228   Section        0  __rtentry2.o(.ARM.Collect$$rtentry$$00000002)
    .ARM.Collect$$rtentry$$00000004          0x08000228   Section        6  __rtentry4.o(.ARM.Collect$$rtentry$$00000004)
    .ARM.Collect$$rtentry$$00000009          0x0800022e   Section        0  __rtentry2.o(.ARM.Collect$$rtentry$$00000009)
    .ARM.Collect$$rtentry$$0000000A          0x0800022e   Section        4  __rtentry2.o(.ARM.Collect$$rtentry$$0000000A)
    .ARM.Collect$$rtentry$$0000000C          0x08000232   Section        0  __rtentry2.o(.ARM.Collect$$rtentry$$0000000C)
    .ARM.Collect$$rtentry$$0000000D          0x08000232   Section        8  __rtentry2.o(.ARM.Collect$$rtentry$$0000000D)
    .ARM.Collect$$rtexit$$00000000           0x0800023a   Section        2  rtexit.o(.ARM.Collect$$rtexit$$00000000)
    .ARM.Collect$$rtexit$$00000002           0x0800023c   Section        0  rtexit2.o(.ARM.Collect$$rtexit$$00000002)
    .ARM.Collect$$rtexit$$00000003           0x0800023c   Section        4  rtexit2.o(.ARM.Collect$$rtexit$$00000003)
    .ARM.Collect$$rtexit$$00000004           0x08000240   Section        6  rtexit2.o(.ARM.Collect$$rtexit$$00000004)
    .text                                    0x08000248   Section        0  main.o(.text)
    .text                                    0x08000610   Section        0  stm32f4xx_it.o(.text)
    .text                                    0x0800062c   Section        0  system_stm32f4xx.o(.text)
    SetSysClock                              0x0800062d   Thumb Code   220  system_stm32f4xx.o(.text)
    .text                                    0x0800083c   Section        0  gpio.o(.text)
    .text                                    0x08000ebc   Section        0  delay.o(.text)
    .text                                    0x08000fc0   Section        0  usart.o(.text)
    .text                                    0x080010c4   Section       64  startup_stm32f40_41xxx.o(.text)
    $v0                                      0x080010c4   Number         0  startup_stm32f40_41xxx.o(.text)
    .text                                    0x08001104   Section        0  misc.o(.text)
    .text                                    0x080011e4   Section        0  stm32f4xx_gpio.o(.text)
    .text                                    0x08001478   Section        0  stm32f4xx_rcc.o(.text)
    .text                                    0x08001ad4   Section        0  stm32f4xx_tim.o(.text)
    TI4_Config                               0x08002273   Thumb Code    80  stm32f4xx_tim.o(.text)
    TI3_Config                               0x080022d5   Thumb Code    72  stm32f4xx_tim.o(.text)
    TI2_Config                               0x08002337   Thumb Code    90  stm32f4xx_tim.o(.text)
    TI1_Config                               0x080023a3   Thumb Code    58  stm32f4xx_tim.o(.text)
    .text                                    0x08002778   Section        0  stm32f4xx_usart.o(.text)
    .text                                    0x08002bcc   Section        2  use_no_semi_2.o(.text)
    .text                                    0x08002bd0   Section        0  noretval__2printf.o(.text)
    .text                                    0x08002be8   Section        0  _printf_dec.o(.text)
    .text                                    0x08002c60   Section        0  __printf_wp.o(.text)
    .text                                    0x08002d6e   Section        0  heapauxi.o(.text)
    .text                                    0x08002d74   Section        2  use_no_semi.o(.text)
    .text                                    0x08002d76   Section        0  _printf_intcommon.o(.text)
    .text                                    0x08002e28   Section        0  _printf_fp_dec.o(.text)
    _fp_digits                               0x08002e2b   Thumb Code   428  _printf_fp_dec.o(.text)
    .text                                    0x08003244   Section        0  _printf_char_file.o(.text)
    .text                                    0x08003268   Section        8  rt_locale_intlibspace.o(.text)
    .text                                    0x08003270   Section      138  lludiv10.o(.text)
    .text                                    0x080032fc   Section        0  _printf_char_common.o(.text)
    _printf_input_char                       0x080032fd   Thumb Code    10  _printf_char_common.o(.text)
    .text                                    0x0800332c   Section        0  _printf_fp_infnan.o(.text)
    .text                                    0x080033ac   Section        0  bigflt0.o(.text)
    .text                                    0x08003488   Section        0  ferror.o(.text)
    .text                                    0x08003490   Section        8  libspace.o(.text)
    .text                                    0x08003498   Section       74  sys_stackheap_outer.o(.text)
    .text                                    0x080034e2   Section        0  exit.o(.text)
    .text                                    0x080034f0   Section      128  strcmpv7m.o(.text)
    CL$$btod_d2e                             0x08003570   Section       62  btod.o(CL$$btod_d2e)
    CL$$btod_d2e_denorm_low                  0x080035ae   Section       70  btod.o(CL$$btod_d2e_denorm_low)
    CL$$btod_d2e_norm_op1                    0x080035f4   Section       96  btod.o(CL$$btod_d2e_norm_op1)
    CL$$btod_div_common                      0x08003654   Section      824  btod.o(CL$$btod_div_common)
    CL$$btod_e2e                             0x0800398c   Section      198  btod.o(CL$$btod_e2e)
    CL$$btod_ediv                            0x08003a52   Section       40  btod.o(CL$$btod_ediv)
    CL$$btod_emul                            0x08003a7a   Section       40  btod.o(CL$$btod_emul)
    CL$$btod_mult_common                     0x08003aa2   Section      580  btod.o(CL$$btod_mult_common)
    i.__ARM_fpclassify                       0x08003ce6   Section        0  fpclassify.o(i.__ARM_fpclassify)
    i._is_digit                              0x08003d16   Section        0  __printf_wp.o(i._is_digit)
    locale$$code                             0x08003d24   Section       44  lc_numeric_c.o(locale$$code)
    x$fpl$d2f                                0x08003d50   Section       98  d2f.o(x$fpl$d2f)
    $v0                                      0x08003d50   Number         0  d2f.o(x$fpl$d2f)
    x$fpl$ddiv                               0x08003db4   Section      688  ddiv.o(x$fpl$ddiv)
    $v0                                      0x08003db4   Number         0  ddiv.o(x$fpl$ddiv)
    ddiv_entry                               0x08003dbb   Thumb Code     0  ddiv.o(x$fpl$ddiv)
    x$fpl$dfltu                              0x08004064   Section       38  dflt_clz.o(x$fpl$dfltu)
    $v0                                      0x08004064   Number         0  dflt_clz.o(x$fpl$dfltu)
    x$fpl$dmul                               0x0800408c   Section      340  dmul.o(x$fpl$dmul)
    $v0                                      0x0800408c   Number         0  dmul.o(x$fpl$dmul)
    x$fpl$dnaninf                            0x080041e0   Section      156  dnaninf.o(x$fpl$dnaninf)
    $v0                                      0x080041e0   Number         0  dnaninf.o(x$fpl$dnaninf)
    x$fpl$dretinf                            0x0800427c   Section       12  dretinf.o(x$fpl$dretinf)
    $v0                                      0x0800427c   Number         0  dretinf.o(x$fpl$dretinf)
    x$fpl$f2d                                0x08004288   Section       86  f2d.o(x$fpl$f2d)
    $v0                                      0x08004288   Number         0  f2d.o(x$fpl$f2d)
    x$fpl$fnaninf                            0x080042de   Section      140  fnaninf.o(x$fpl$fnaninf)
    $v0                                      0x080042de   Number         0  fnaninf.o(x$fpl$fnaninf)
    x$fpl$fpinit                             0x0800436a   Section       10  fpinit.o(x$fpl$fpinit)
    $v0                                      0x0800436a   Number         0  fpinit.o(x$fpl$fpinit)
    x$fpl$fretinf                            0x08004374   Section       10  fretinf.o(x$fpl$fretinf)
    $v0                                      0x08004374   Number         0  fretinf.o(x$fpl$fretinf)
    x$fpl$printf1                            0x0800437e   Section        4  printf1.o(x$fpl$printf1)
    $v0                                      0x0800437e   Number         0  printf1.o(x$fpl$printf1)
    x$fpl$usenofp                            0x08004382   Section        0  usenofp.o(x$fpl$usenofp)
    .constdata                               0x08004384   Section      148  bigflt0.o(.constdata)
    tenpwrs_x                                0x08004384   Data          60  bigflt0.o(.constdata)
    tenpwrs_i                                0x080043c0   Data          64  bigflt0.o(.constdata)
    locale$$data                             0x08004438   Section       28  lc_numeric_c.o(locale$$data)
    __lcnum_c_name                           0x0800443c   Data           2  lc_numeric_c.o(locale$$data)
    __lcnum_c_start                          0x08004444   Data           0  lc_numeric_c.o(locale$$data)
    __lcnum_c_point                          0x08004450   Data           0  lc_numeric_c.o(locale$$data)
    __lcnum_c_thousands                      0x08004452   Data           0  lc_numeric_c.o(locale$$data)
    __lcnum_c_grouping                       0x08004453   Data           0  lc_numeric_c.o(locale$$data)
    __lcnum_c_end                            0x08004454   Data           0  lc_numeric_c.o(locale$$data)
    .data                                    0x20000000   Section       20  system_stm32f4xx.o(.data)
    .data                                    0x20000014   Section       20  gpio.o(.data)
    .data                                    0x20000028   Section        4  delay.o(.data)
    fac_us                                   0x20000028   Data           1  delay.o(.data)
    fac_ms                                   0x2000002a   Data           2  delay.o(.data)
    .data                                    0x2000002c   Section        6  usart.o(.data)
    .data                                    0x20000032   Section       16  stm32f4xx_rcc.o(.data)
    APBAHBPrescTable                         0x20000032   Data          16  stm32f4xx_rcc.o(.data)
    .bss                                     0x20000044   Section       40  main.o(.bss)
    .bss                                     0x2000006c   Section       96  libspace.o(.bss)
    HEAP                                     0x200000d0   Section      512  startup_stm32f40_41xxx.o(HEAP)
    Heap_Mem                                 0x200000d0   Data         512  startup_stm32f40_41xxx.o(HEAP)
    STACK                                    0x200002d0   Section     1024  startup_stm32f40_41xxx.o(STACK)
    Stack_Mem                                0x200002d0   Data        1024  startup_stm32f40_41xxx.o(STACK)
    __initial_sp                             0x200006d0   Data           0  startup_stm32f40_41xxx.o(STACK)

    Global Symbols

    Symbol Name                              Value     Ov Type        Size  Object(Section)

    BuildAttributes$$THM_ISAv4$E$P$D$K$B$S$7EM$VFPi3$EXTD16$VFPS$VFMA$PE$A:L22UL41UL21$X:L11$S22US41US21$IEEE1$IW$USESV6$~STKCKD$USESV7$~SHL$OTIME$ROPI$IEEEJ$EBA8$UX$STANDARDLIB$REQ8$PRES8$EABIv2 0x00000000   Number         0  anon$$obj.o ABSOLUTE
    __ARM_use_no_argv                        0x00000000   Number         0  main.o ABSOLUTE
    _printf_flags                            0x00000000   Number         0  printf_stubs.o ABSOLUTE
    _printf_return_value                     0x00000000   Number         0  printf_stubs.o ABSOLUTE
    _printf_sizespec                         0x00000000   Number         0  printf_stubs.o ABSOLUTE
    _printf_widthprec                        0x00000000   Number         0  printf_stubs.o ABSOLUTE
    __ARM_exceptions_init                     - Undefined Weak Reference
    __alloca_initialize                       - Undefined Weak Reference
    __arm_preinit_                            - Undefined Weak Reference
    __cpp_initialize__aeabi_                  - Undefined Weak Reference
    __cxa_finalize                            - Undefined Weak Reference
    __sigvec_lookup                           - Undefined Weak Reference
    _atexit_init                              - Undefined Weak Reference
    _call_atexit_fns                          - Undefined Weak Reference
    _clock_init                               - Undefined Weak Reference
    _fp_trap_init                             - Undefined Weak Reference
    _fp_trap_shutdown                         - Undefined Weak Reference
    _get_lc_collate                           - Undefined Weak Reference
    _get_lc_ctype                             - Undefined Weak Reference
    _get_lc_monetary                          - Undefined Weak Reference
    _get_lc_time                              - Undefined Weak Reference
    _getenv_init                              - Undefined Weak Reference
    _handle_redirection                       - Undefined Weak Reference
    _init_alloc                               - Undefined Weak Reference
    _init_user_alloc                          - Undefined Weak Reference
    _initio                                   - Undefined Weak Reference
    _mutex_acquire                            - Undefined Weak Reference
    _mutex_release                            - Undefined Weak Reference
    _printf_post_padding                      - Undefined Weak Reference
    _printf_pre_padding                       - Undefined Weak Reference
    _printf_truncate_signed                   - Undefined Weak Reference
    _printf_truncate_unsigned                 - Undefined Weak Reference
    _rand_init                                - Undefined Weak Reference
    _signal_finish                            - Undefined Weak Reference
    _signal_init                              - Undefined Weak Reference
    _terminate_alloc                          - Undefined Weak Reference
    _terminate_user_alloc                     - Undefined Weak Reference
    _terminateio                              - Undefined Weak Reference
    __Vectors_Size                           0x00000188   Number         0  startup_stm32f40_41xxx.o ABSOLUTE
    __Vectors                                0x08000000   Data           4  startup_stm32f40_41xxx.o(RESET)
    __Vectors_End                            0x08000188   Data           0  startup_stm32f40_41xxx.o(RESET)
    __main                                   0x08000189   Thumb Code     8  __main.o(!!!main)
    __scatterload                            0x08000191   Thumb Code     0  __scatter.o(!!!scatter)
    __scatterload_rt2                        0x08000191   Thumb Code    44  __scatter.o(!!!scatter)
    __scatterload_rt2_thumb_only             0x08000191   Thumb Code     0  __scatter.o(!!!scatter)
    __scatterload_null                       0x0800019f   Thumb Code     0  __scatter.o(!!!scatter)
    __scatterload_copy                       0x080001c5   Thumb Code    26  __scatter_copy.o(!!handler_copy)
    __scatterload_zeroinit                   0x080001e1   Thumb Code    28  __scatter_zi.o(!!handler_zi)
    _printf_f                                0x080001fd   Thumb Code     0  _printf_f.o(.ARM.Collect$$_printf_percent$$00000003)
    _printf_percent                          0x080001fd   Thumb Code     0  _printf_percent.o(.ARM.Collect$$_printf_percent$$00000000)
    _printf_d                                0x08000203   Thumb Code     0  _printf_d.o(.ARM.Collect$$_printf_percent$$00000009)
    _printf_percent_end                      0x08000209   Thumb Code     0  _printf_percent_end.o(.ARM.Collect$$_printf_percent$$00000017)
    __rt_lib_init                            0x0800020d   Thumb Code     0  libinit.o(.ARM.Collect$$libinit$$00000000)
    __rt_lib_init_fp_1                       0x0800020f   Thumb Code     0  libinit2.o(.ARM.Collect$$libinit$$00000001)
    __rt_lib_init_heap_1                     0x08000213   Thumb Code     0  libinit2.o(.ARM.Collect$$libinit$$0000000A)
    __rt_lib_init_lc_common                  0x08000213   Thumb Code     0  libinit2.o(.ARM.Collect$$libinit$$0000000F)
    __rt_lib_init_preinit_1                  0x08000213   Thumb Code     0  libinit2.o(.ARM.Collect$$libinit$$00000004)
    __rt_lib_init_rand_1                     0x08000213   Thumb Code     0  libinit2.o(.ARM.Collect$$libinit$$0000000E)
    __rt_lib_init_user_alloc_1               0x08000213   Thumb Code     0  libinit2.o(.ARM.Collect$$libinit$$0000000C)
    __rt_lib_init_lc_collate_1               0x08000219   Thumb Code     0  libinit2.o(.ARM.Collect$$libinit$$00000011)
    __rt_lib_init_lc_ctype_1                 0x08000219   Thumb Code     0  libinit2.o(.ARM.Collect$$libinit$$00000013)
    __rt_lib_init_lc_monetary_1              0x08000219   Thumb Code     0  libinit2.o(.ARM.Collect$$libinit$$00000015)
    __rt_lib_init_lc_numeric_2               0x08000219   Thumb Code     0  libinit2.o(.ARM.Collect$$libinit$$00000016)
    __rt_lib_init_alloca_1                   0x08000223   Thumb Code     0  libinit2.o(.ARM.Collect$$libinit$$0000002E)
    __rt_lib_init_argv_1                     0x08000223   Thumb Code     0  libinit2.o(.ARM.Collect$$libinit$$0000002C)
    __rt_lib_init_atexit_1                   0x08000223   Thumb Code     0  libinit2.o(.ARM.Collect$$libinit$$0000001B)
    __rt_lib_init_clock_1                    0x08000223   Thumb Code     0  libinit2.o(.ARM.Collect$$libinit$$00000021)
    __rt_lib_init_cpp_1                      0x08000223   Thumb Code     0  libinit2.o(.ARM.Collect$$libinit$$00000032)
    __rt_lib_init_exceptions_1               0x08000223   Thumb Code     0  libinit2.o(.ARM.Collect$$libinit$$00000030)
    __rt_lib_init_fp_trap_1                  0x08000223   Thumb Code     0  libinit2.o(.ARM.Collect$$libinit$$0000001F)
    __rt_lib_init_getenv_1                   0x08000223   Thumb Code     0  libinit2.o(.ARM.Collect$$libinit$$00000023)
    __rt_lib_init_lc_numeric_1               0x08000223   Thumb Code     0  libinit2.o(.ARM.Collect$$libinit$$00000017)
    __rt_lib_init_lc_time_1                  0x08000223   Thumb Code     0  libinit2.o(.ARM.Collect$$libinit$$00000019)
    __rt_lib_init_return                     0x08000223   Thumb Code     0  libinit2.o(.ARM.Collect$$libinit$$00000033)
    __rt_lib_init_signal_1                   0x08000223   Thumb Code     0  libinit2.o(.ARM.Collect$$libinit$$0000001D)
    __rt_lib_init_stdio_1                    0x08000223   Thumb Code     0  libinit2.o(.ARM.Collect$$libinit$$00000025)
    __rt_lib_shutdown                        0x08000225   Thumb Code     0  libshutdown.o(.ARM.Collect$$libshutdown$$00000000)
    __rt_lib_shutdown_fp_trap_1              0x08000227   Thumb Code     0  libshutdown2.o(.ARM.Collect$$libshutdown$$00000006)
    __rt_lib_shutdown_heap_1                 0x08000227   Thumb Code     0  libshutdown2.o(.ARM.Collect$$libshutdown$$0000000E)
    __rt_lib_shutdown_return                 0x08000227   Thumb Code     0  libshutdown2.o(.ARM.Collect$$libshutdown$$0000000F)
    __rt_lib_shutdown_signal_1               0x08000227   Thumb Code     0  libshutdown2.o(.ARM.Collect$$libshutdown$$00000009)
    __rt_lib_shutdown_stdio_1                0x08000227   Thumb Code     0  libshutdown2.o(.ARM.Collect$$libshutdown$$00000003)
    __rt_lib_shutdown_user_alloc_1           0x08000227   Thumb Code     0  libshutdown2.o(.ARM.Collect$$libshutdown$$0000000B)
    __rt_entry                               0x08000229   Thumb Code     0  __rtentry.o(.ARM.Collect$$rtentry$$00000000)
    __rt_entry_presh_1                       0x08000229   Thumb Code     0  __rtentry2.o(.ARM.Collect$$rtentry$$00000002)
    __rt_entry_sh                            0x08000229   Thumb Code     0  __rtentry4.o(.ARM.Collect$$rtentry$$00000004)
    __rt_entry_li                            0x0800022f   Thumb Code     0  __rtentry2.o(.ARM.Collect$$rtentry$$0000000A)
    __rt_entry_postsh_1                      0x0800022f   Thumb Code     0  __rtentry2.o(.ARM.Collect$$rtentry$$00000009)
    __rt_entry_main                          0x08000233   Thumb Code     0  __rtentry2.o(.ARM.Collect$$rtentry$$0000000D)
    __rt_entry_postli_1                      0x08000233   Thumb Code     0  __rtentry2.o(.ARM.Collect$$rtentry$$0000000C)
    __rt_exit                                0x0800023b   Thumb Code     0  rtexit.o(.ARM.Collect$$rtexit$$00000000)
    __rt_exit_ls                             0x0800023d   Thumb Code     0  rtexit2.o(.ARM.Collect$$rtexit$$00000003)
    __rt_exit_prels_1                        0x0800023d   Thumb Code     0  rtexit2.o(.ARM.Collect$$rtexit$$00000002)
    __rt_exit_exit                           0x08000241   Thumb Code     0  rtexit2.o(.ARM.Collect$$rtexit$$00000004)
    main                                     0x08000249   Thumb Code   770  main.o(.text)
    NMI_Handler                              0x08000611   Thumb Code     2  stm32f4xx_it.o(.text)
    HardFault_Handler                        0x08000613   Thumb Code     4  stm32f4xx_it.o(.text)
    MemManage_Handler                        0x08000617   Thumb Code     4  stm32f4xx_it.o(.text)
    BusFault_Handler                         0x0800061b   Thumb Code     4  stm32f4xx_it.o(.text)
    UsageFault_Handler                       0x0800061f   Thumb Code     4  stm32f4xx_it.o(.text)
    SVC_Handler                              0x08000623   Thumb Code     2  stm32f4xx_it.o(.text)
    DebugMon_Handler                         0x08000625   Thumb Code     2  stm32f4xx_it.o(.text)
    PendSV_Handler                           0x08000627   Thumb Code     2  stm32f4xx_it.o(.text)
    SysTick_Handler                          0x08000629   Thumb Code     2  stm32f4xx_it.o(.text)
    SystemInit                               0x08000709   Thumb Code    88  system_stm32f4xx.o(.text)
    SystemCoreClockUpdate                    0x08000761   Thumb Code   174  system_stm32f4xx.o(.text)
    TIM2_IRQHandler                          0x0800083d   Thumb Code   238  gpio.o(.text)
    TIM3_IRQHandler                          0x0800092b   Thumb Code    40  gpio.o(.text)
    TIM4_IRQHandler                          0x08000953   Thumb Code    56  gpio.o(.text)
    TIM5_IRQHandler                          0x0800098b   Thumb Code    62  gpio.o(.text)
    GPIO_ALLInit                             0x080009c9   Thumb Code    96  gpio.o(.text)
    TIM2_CH1_Cap_Init                        0x08000a29   Thumb Code   138  gpio.o(.text)
    TIM2_Counter_Init                        0x08000ab3   Thumb Code    84  gpio.o(.text)
    TIM3_Int_Init                            0x08000b07   Thumb Code    84  gpio.o(.text)
    TIM2_CH1_TIM4_CH1_Cap_Init               0x08000b5b   Thumb Code   312  gpio.o(.text)
    ALL_UsedTIM_DEInit                       0x08000c93   Thumb Code    82  gpio.o(.text)
    TIM2_CH1_TIM5_CH1_Cap_Init               0x08000ce5   Thumb Code   260  gpio.o(.text)
    TIM2_CH1_CH2_Cap_Init                    0x08000de9   Thumb Code   188  gpio.o(.text)
    delay_init                               0x08000ebd   Thumb Code    52  delay.o(.text)
    delay_us                                 0x08000ef1   Thumb Code    72  delay.o(.text)
    delay_xms                                0x08000f39   Thumb Code    72  delay.o(.text)
    delay_ms                                 0x08000f81   Thumb Code    56  delay.o(.text)
    _sys_exit                                0x08000fc1   Thumb Code     6  usart.o(.text)
    fputc                                    0x08000fc7   Thumb Code    22  usart.o(.text)
    uart_init                                0x08000fdd   Thumb Code   164  usart.o(.text)
    USART1_IRQHandler                        0x08001081   Thumb Code    48  usart.o(.text)
    Reset_Handler                            0x080010c5   Thumb Code     8  startup_stm32f40_41xxx.o(.text)
    ADC_IRQHandler                           0x080010df   Thumb Code     0  startup_stm32f40_41xxx.o(.text)
    CAN1_RX0_IRQHandler                      0x080010df   Thumb Code     0  startup_stm32f40_41xxx.o(.text)
    CAN1_RX1_IRQHandler                      0x080010df   Thumb Code     0  startup_stm32f40_41xxx.o(.text)
    CAN1_SCE_IRQHandler                      0x080010df   Thumb Code     0  startup_stm32f40_41xxx.o(.text)
    CAN1_TX_IRQHandler                       0x080010df   Thumb Code     0  startup_stm32f40_41xxx.o(.text)
    CAN2_RX0_IRQHandler                      0x080010df   Thumb Code     0  startup_stm32f40_41xxx.o(.text)
    CAN2_RX1_IRQHandler                      0x080010df   Thumb Code     0  startup_stm32f40_41xxx.o(.text)
    CAN2_SCE_IRQHandler                      0x080010df   Thumb Code     0  startup_stm32f40_41xxx.o(.text)
    CAN2_TX_IRQHandler                       0x080010df   Thumb Code     0  startup_stm32f40_41xxx.o(.text)
    CRYP_IRQHandler                          0x080010df   Thumb Code     0  startup_stm32f40_41xxx.o(.text)
    DCMI_IRQHandler                          0x080010df   Thumb Code     0  startup_stm32f40_41xxx.o(.text)
    DMA1_Stream0_IRQHandler                  0x080010df   Thumb Code     0  startup_stm32f40_41xxx.o(.text)
    DMA1_Stream1_IRQHandler                  0x080010df   Thumb Code     0  startup_stm32f40_41xxx.o(.text)
    DMA1_Stream2_IRQHandler                  0x080010df   Thumb Code     0  startup_stm32f40_41xxx.o(.text)
    DMA1_Stream3_IRQHandler                  0x080010df   Thumb Code     0  startup_stm32f40_41xxx.o(.text)
    DMA1_Stream4_IRQHandler                  0x080010df   Thumb Code     0  startup_stm32f40_41xxx.o(.text)
    DMA1_Stream5_IRQHandler                  0x080010df   Thumb Code     0  startup_stm32f40_41xxx.o(.text)
    DMA1_Stream6_IRQHandler                  0x080010df   Thumb Code     0  startup_stm32f40_41xxx.o(.text)
    DMA1_Stream7_IRQHandler                  0x080010df   Thumb Code     0  startup_stm32f40_41xxx.o(.text)
    DMA2_Stream0_IRQHandler                  0x080010df   Thumb Code     0  startup_stm32f40_41xxx.o(.text)
    DMA2_Stream1_IRQHandler                  0x080010df   Thumb Code     0  startup_stm32f40_41xxx.o(.text)
    DMA2_Stream2_IRQHandler                  0x080010df   Thumb Code     0  startup_stm32f40_41xxx.o(.text)
    DMA2_Stream3_IRQHandler                  0x080010df   Thumb Code     0  startup_stm32f40_41xxx.o(.text)
    DMA2_Stream4_IRQHandler                  0x080010df   Thumb Code     0  startup_stm32f40_41xxx.o(.text)
    DMA2_Stream5_IRQHandler                  0x080010df   Thumb Code     0  startup_stm32f40_41xxx.o(.text)
    DMA2_Stream6_IRQHandler                  0x080010df   Thumb Code     0  startup_stm32f40_41xxx.o(.text)
    DMA2_Stream7_IRQHandler                  0x080010df   Thumb Code     0  startup_stm32f40_41xxx.o(.text)
    ETH_IRQHandler                           0x080010df   Thumb Code     0  startup_stm32f40_41xxx.o(.text)
    ETH_WKUP_IRQHandler                      0x080010df   Thumb Code     0  startup_stm32f40_41xxx.o(.text)
    EXTI0_IRQHandler                         0x080010df   Thumb Code     0  startup_stm32f40_41xxx.o(.text)
    EXTI15_10_IRQHandler                     0x080010df   Thumb Code     0  startup_stm32f40_41xxx.o(.text)
    EXTI1_IRQHandler                         0x080010df   Thumb Code     0  startup_stm32f40_41xxx.o(.text)
    EXTI2_IRQHandler                         0x080010df   Thumb Code     0  startup_stm32f40_41xxx.o(.text)
    EXTI3_IRQHandler                         0x080010df   Thumb Code     0  startup_stm32f40_41xxx.o(.text)
    EXTI4_IRQHandler                         0x080010df   Thumb Code     0  startup_stm32f40_41xxx.o(.text)
    EXTI9_5_IRQHandler                       0x080010df   Thumb Code     0  startup_stm32f40_41xxx.o(.text)
    FLASH_IRQHandler                         0x080010df   Thumb Code     0  startup_stm32f40_41xxx.o(.text)
    FPU_IRQHandler                           0x080010df   Thumb Code     0  startup_stm32f40_41xxx.o(.text)
    FSMC_IRQHandler                          0x080010df   Thumb Code     0  startup_stm32f40_41xxx.o(.text)
    HASH_RNG_IRQHandler                      0x080010df   Thumb Code     0  startup_stm32f40_41xxx.o(.text)
    I2C1_ER_IRQHandler                       0x080010df   Thumb Code     0  startup_stm32f40_41xxx.o(.text)
    I2C1_EV_IRQHandler                       0x080010df   Thumb Code     0  startup_stm32f40_41xxx.o(.text)
    I2C2_ER_IRQHandler                       0x080010df   Thumb Code     0  startup_stm32f40_41xxx.o(.text)
    I2C2_EV_IRQHandler                       0x080010df   Thumb Code     0  startup_stm32f40_41xxx.o(.text)
    I2C3_ER_IRQHandler                       0x080010df   Thumb Code     0  startup_stm32f40_41xxx.o(.text)
    I2C3_EV_IRQHandler                       0x080010df   Thumb Code     0  startup_stm32f40_41xxx.o(.text)
    OTG_FS_IRQHandler                        0x080010df   Thumb Code     0  startup_stm32f40_41xxx.o(.text)
    OTG_FS_WKUP_IRQHandler                   0x080010df   Thumb Code     0  startup_stm32f40_41xxx.o(.text)
    OTG_HS_EP1_IN_IRQHandler                 0x080010df   Thumb Code     0  startup_stm32f40_41xxx.o(.text)
    OTG_HS_EP1_OUT_IRQHandler                0x080010df   Thumb Code     0  startup_stm32f40_41xxx.o(.text)
    OTG_HS_IRQHandler                        0x080010df   Thumb Code     0  startup_stm32f40_41xxx.o(.text)
    OTG_HS_WKUP_IRQHandler                   0x080010df   Thumb Code     0  startup_stm32f40_41xxx.o(.text)
    PVD_IRQHandler                           0x080010df   Thumb Code     0  startup_stm32f40_41xxx.o(.text)
    RCC_IRQHandler                           0x080010df   Thumb Code     0  startup_stm32f40_41xxx.o(.text)
    RTC_Alarm_IRQHandler                     0x080010df   Thumb Code     0  startup_stm32f40_41xxx.o(.text)
    RTC_WKUP_IRQHandler                      0x080010df   Thumb Code     0  startup_stm32f40_41xxx.o(.text)
    SDIO_IRQHandler                          0x080010df   Thumb Code     0  startup_stm32f40_41xxx.o(.text)
    SPI1_IRQHandler                          0x080010df   Thumb Code     0  startup_stm32f40_41xxx.o(.text)
    SPI2_IRQHandler                          0x080010df   Thumb Code     0  startup_stm32f40_41xxx.o(.text)
    SPI3_IRQHandler                          0x080010df   Thumb Code     0  startup_stm32f40_41xxx.o(.text)
    TAMP_STAMP_IRQHandler                    0x080010df   Thumb Code     0  startup_stm32f40_41xxx.o(.text)
    TIM1_BRK_TIM9_IRQHandler                 0x080010df   Thumb Code     0  startup_stm32f40_41xxx.o(.text)
    TIM1_CC_IRQHandler                       0x080010df   Thumb Code     0  startup_stm32f40_41xxx.o(.text)
    TIM1_TRG_COM_TIM11_IRQHandler            0x080010df   Thumb Code     0  startup_stm32f40_41xxx.o(.text)
    TIM1_UP_TIM10_IRQHandler                 0x080010df   Thumb Code     0  startup_stm32f40_41xxx.o(.text)
    TIM6_DAC_IRQHandler                      0x080010df   Thumb Code     0  startup_stm32f40_41xxx.o(.text)
    TIM7_IRQHandler                          0x080010df   Thumb Code     0  startup_stm32f40_41xxx.o(.text)
    TIM8_BRK_TIM12_IRQHandler                0x080010df   Thumb Code     0  startup_stm32f40_41xxx.o(.text)
    TIM8_CC_IRQHandler                       0x080010df   Thumb Code     0  startup_stm32f40_41xxx.o(.text)
    TIM8_TRG_COM_TIM14_IRQHandler            0x080010df   Thumb Code     0  startup_stm32f40_41xxx.o(.text)
    TIM8_UP_TIM13_IRQHandler                 0x080010df   Thumb Code     0  startup_stm32f40_41xxx.o(.text)
    UART4_IRQHandler                         0x080010df   Thumb Code     0  startup_stm32f40_41xxx.o(.text)
    UART5_IRQHandler                         0x080010df   Thumb Code     0  startup_stm32f40_41xxx.o(.text)
    USART2_IRQHandler                        0x080010df   Thumb Code     0  startup_stm32f40_41xxx.o(.text)
    USART3_IRQHandler                        0x080010df   Thumb Code     0  startup_stm32f40_41xxx.o(.text)
    USART6_IRQHandler                        0x080010df   Thumb Code     0  startup_stm32f40_41xxx.o(.text)
    WWDG_IRQHandler                          0x080010df   Thumb Code     0  startup_stm32f40_41xxx.o(.text)
    __user_initial_stackheap                 0x080010e1   Thumb Code     0  startup_stm32f40_41xxx.o(.text)
    NVIC_PriorityGroupConfig                 0x08001105   Thumb Code    10  misc.o(.text)
    NVIC_Init                                0x0800110f   Thumb Code   106  misc.o(.text)
    NVIC_SetVectorTable                      0x08001179   Thumb Code    14  misc.o(.text)
    NVIC_SystemLPConfig                      0x08001187   Thumb Code    34  misc.o(.text)
    SysTick_CLKSourceConfig                  0x080011a9   Thumb Code    40  misc.o(.text)
    GPIO_DeInit                              0x080011e5   Thumb Code   268  stm32f4xx_gpio.o(.text)
    GPIO_Init                                0x080012f1   Thumb Code   144  stm32f4xx_gpio.o(.text)
    GPIO_StructInit                          0x08001381   Thumb Code    18  stm32f4xx_gpio.o(.text)
    GPIO_PinLockConfig                       0x08001393   Thumb Code    34  stm32f4xx_gpio.o(.text)
    GPIO_ReadInputDataBit                    0x080013b5   Thumb Code    18  stm32f4xx_gpio.o(.text)
    GPIO_ReadInputData                       0x080013c7   Thumb Code     8  stm32f4xx_gpio.o(.text)
    GPIO_ReadOutputDataBit                   0x080013cf   Thumb Code    18  stm32f4xx_gpio.o(.text)
    GPIO_ReadOutputData                      0x080013e1   Thumb Code     8  stm32f4xx_gpio.o(.text)
    GPIO_SetBits                             0x080013e9   Thumb Code     4  stm32f4xx_gpio.o(.text)
    GPIO_ResetBits                           0x080013ed   Thumb Code     4  stm32f4xx_gpio.o(.text)
    GPIO_WriteBit                            0x080013f1   Thumb Code    10  stm32f4xx_gpio.o(.text)
    GPIO_Write                               0x080013fb   Thumb Code     4  stm32f4xx_gpio.o(.text)
    GPIO_ToggleBits                          0x080013ff   Thumb Code     8  stm32f4xx_gpio.o(.text)
    GPIO_PinAFConfig                         0x08001407   Thumb Code    70  stm32f4xx_gpio.o(.text)
    RCC_DeInit                               0x08001479   Thumb Code    82  stm32f4xx_rcc.o(.text)
    RCC_HSEConfig                            0x080014cb   Thumb Code    14  stm32f4xx_rcc.o(.text)
    RCC_GetFlagStatus                        0x080014d9   Thumb Code    60  stm32f4xx_rcc.o(.text)
    RCC_WaitForHSEStartUp                    0x08001515   Thumb Code    56  stm32f4xx_rcc.o(.text)
    RCC_AdjustHSICalibrationValue            0x0800154d   Thumb Code    20  stm32f4xx_rcc.o(.text)
    RCC_HSICmd                               0x08001561   Thumb Code     6  stm32f4xx_rcc.o(.text)
    RCC_LSEConfig                            0x08001567   Thumb Code    46  stm32f4xx_rcc.o(.text)
    RCC_LSICmd                               0x08001595   Thumb Code     6  stm32f4xx_rcc.o(.text)
    RCC_PLLConfig                            0x0800159b   Thumb Code    32  stm32f4xx_rcc.o(.text)
    RCC_PLLCmd                               0x080015bb   Thumb Code     6  stm32f4xx_rcc.o(.text)
    RCC_PLLI2SConfig                         0x080015c1   Thumb Code    14  stm32f4xx_rcc.o(.text)
    RCC_PLLI2SCmd                            0x080015cf   Thumb Code     6  stm32f4xx_rcc.o(.text)
    RCC_PLLSAIConfig                         0x080015d5   Thumb Code    20  stm32f4xx_rcc.o(.text)
    RCC_PLLSAICmd                            0x080015e9   Thumb Code     6  stm32f4xx_rcc.o(.text)
    RCC_ClockSecuritySystemCmd               0x080015ef   Thumb Code     6  stm32f4xx_rcc.o(.text)
    RCC_MCO1Config                           0x080015f5   Thumb Code    28  stm32f4xx_rcc.o(.text)
    RCC_MCO2Config                           0x08001611   Thumb Code    28  stm32f4xx_rcc.o(.text)
    RCC_SYSCLKConfig                         0x0800162d   Thumb Code    20  stm32f4xx_rcc.o(.text)
    RCC_GetSYSCLKSource                      0x08001641   Thumb Code    12  stm32f4xx_rcc.o(.text)
    RCC_HCLKConfig                           0x0800164d   Thumb Code    20  stm32f4xx_rcc.o(.text)
    RCC_PCLK1Config                          0x08001661   Thumb Code    20  stm32f4xx_rcc.o(.text)
    RCC_PCLK2Config                          0x08001675   Thumb Code    22  stm32f4xx_rcc.o(.text)
    RCC_GetClocksFreq                        0x0800168b   Thumb Code   222  stm32f4xx_rcc.o(.text)
    RCC_RTCCLKConfig                         0x08001769   Thumb Code    54  stm32f4xx_rcc.o(.text)
    RCC_RTCCLKCmd                            0x0800179f   Thumb Code     8  stm32f4xx_rcc.o(.text)
    RCC_BackupResetCmd                       0x080017a7   Thumb Code     8  stm32f4xx_rcc.o(.text)
    RCC_I2SCLKConfig                         0x080017af   Thumb Code     6  stm32f4xx_rcc.o(.text)
    RCC_SAIPLLI2SClkDivConfig                0x080017b5   Thumb Code    26  stm32f4xx_rcc.o(.text)
    RCC_SAIPLLSAIClkDivConfig                0x080017cf   Thumb Code    28  stm32f4xx_rcc.o(.text)
    RCC_SAIBlockACLKConfig                   0x080017eb   Thumb Code    20  stm32f4xx_rcc.o(.text)
    RCC_SAIBlockBCLKConfig                   0x080017ff   Thumb Code    20  stm32f4xx_rcc.o(.text)
    RCC_LTDCCLKDivConfig                     0x08001813   Thumb Code    20  stm32f4xx_rcc.o(.text)
    RCC_TIMCLKPresConfig                     0x08001827   Thumb Code     6  stm32f4xx_rcc.o(.text)
    RCC_AHB1PeriphClockCmd                   0x0800182d   Thumb Code    34  stm32f4xx_rcc.o(.text)
    RCC_AHB2PeriphClockCmd                   0x0800184f   Thumb Code    78  stm32f4xx_rcc.o(.text)
    RCC_AHB3PeriphClockCmd                   0x0800189d   Thumb Code    34  stm32f4xx_rcc.o(.text)
    RCC_APB1PeriphClockCmd                   0x080018bf   Thumb Code    34  stm32f4xx_rcc.o(.text)
    RCC_APB2PeriphClockCmd                   0x080018e1   Thumb Code    34  stm32f4xx_rcc.o(.text)
    RCC_AHB1PeriphResetCmd                   0x08001903   Thumb Code    34  stm32f4xx_rcc.o(.text)
    RCC_AHB2PeriphResetCmd                   0x08001925   Thumb Code    34  stm32f4xx_rcc.o(.text)
    RCC_AHB3PeriphResetCmd                   0x08001947   Thumb Code    34  stm32f4xx_rcc.o(.text)
    RCC_APB1PeriphResetCmd                   0x08001969   Thumb Code    34  stm32f4xx_rcc.o(.text)
    RCC_APB2PeriphResetCmd                   0x0800198b   Thumb Code    34  stm32f4xx_rcc.o(.text)
    RCC_AHB1PeriphClockLPModeCmd             0x080019ad   Thumb Code    34  stm32f4xx_rcc.o(.text)
    RCC_AHB2PeriphClockLPModeCmd             0x080019cf   Thumb Code    34  stm32f4xx_rcc.o(.text)
    RCC_AHB3PeriphClockLPModeCmd             0x080019f1   Thumb Code    34  stm32f4xx_rcc.o(.text)
    RCC_APB1PeriphClockLPModeCmd             0x08001a13   Thumb Code    34  stm32f4xx_rcc.o(.text)
    RCC_APB2PeriphClockLPModeCmd             0x08001a35   Thumb Code    34  stm32f4xx_rcc.o(.text)
    RCC_LSEModeConfig                        0x08001a57   Thumb Code    40  stm32f4xx_rcc.o(.text)
    RCC_ITConfig                             0x08001a7f   Thumb Code    34  stm32f4xx_rcc.o(.text)
    RCC_ClearFlag                            0x08001aa1   Thumb Code    18  stm32f4xx_rcc.o(.text)
    RCC_GetITStatus                          0x08001ab3   Thumb Code    22  stm32f4xx_rcc.o(.text)
    RCC_ClearITPendingBit                    0x08001ac9   Thumb Code     8  stm32f4xx_rcc.o(.text)
    TIM_DeInit                               0x08001ad5   Thumb Code   346  stm32f4xx_tim.o(.text)
    TIM_TimeBaseInit                         0x08001c2f   Thumb Code   104  stm32f4xx_tim.o(.text)
    TIM_TimeBaseStructInit                   0x08001c97   Thumb Code    18  stm32f4xx_tim.o(.text)
    TIM_PrescalerConfig                      0x08001ca9   Thumb Code     6  stm32f4xx_tim.o(.text)
    TIM_CounterModeConfig                    0x08001caf   Thumb Code    18  stm32f4xx_tim.o(.text)
    TIM_SetCounter                           0x08001cc1   Thumb Code     4  stm32f4xx_tim.o(.text)
    TIM_SetAutoreload                        0x08001cc5   Thumb Code     4  stm32f4xx_tim.o(.text)
    TIM_GetCounter                           0x08001cc9   Thumb Code     6  stm32f4xx_tim.o(.text)
    TIM_GetPrescaler                         0x08001ccf   Thumb Code     6  stm32f4xx_tim.o(.text)
    TIM_UpdateDisableConfig                  0x08001cd5   Thumb Code    24  stm32f4xx_tim.o(.text)
    TIM_UpdateRequestConfig                  0x08001ced   Thumb Code    24  stm32f4xx_tim.o(.text)
    TIM_ARRPreloadConfig                     0x08001d05   Thumb Code    24  stm32f4xx_tim.o(.text)
    TIM_SelectOnePulseMode                   0x08001d1d   Thumb Code    18  stm32f4xx_tim.o(.text)
    TIM_SetClockDivision                     0x08001d2f   Thumb Code    18  stm32f4xx_tim.o(.text)
    TIM_Cmd                                  0x08001d41   Thumb Code    24  stm32f4xx_tim.o(.text)
    TIM_OC1Init                              0x08001d59   Thumb Code   114  stm32f4xx_tim.o(.text)
    TIM_OC2Init                              0x08001dcb   Thumb Code   154  stm32f4xx_tim.o(.text)
    TIM_OC3Init                              0x08001e65   Thumb Code   204  stm32f4xx_tim.o(.text)
    TIM_OC4Init                              0x08001f31   Thumb Code   112  stm32f4xx_tim.o(.text)
    TIM_OCStructInit                         0x08001fa1   Thumb Code    20  stm32f4xx_tim.o(.text)
    TIM_SelectOCxM                           0x08001fb5   Thumb Code    86  stm32f4xx_tim.o(.text)
    TIM_SetCompare1                          0x0800200b   Thumb Code     4  stm32f4xx_tim.o(.text)
    TIM_SetCompare2                          0x0800200f   Thumb Code     4  stm32f4xx_tim.o(.text)
    TIM_SetCompare3                          0x08002013   Thumb Code     4  stm32f4xx_tim.o(.text)
    TIM_SetCompare4                          0x08002017   Thumb Code     4  stm32f4xx_tim.o(.text)
    TIM_ForcedOC1Config                      0x0800201b   Thumb Code    18  stm32f4xx_tim.o(.text)
    TIM_ForcedOC2Config                      0x0800202d   Thumb Code    26  stm32f4xx_tim.o(.text)
    TIM_ForcedOC3Config                      0x08002047   Thumb Code    18  stm32f4xx_tim.o(.text)
    TIM_ForcedOC4Config                      0x08002059   Thumb Code    26  stm32f4xx_tim.o(.text)
    TIM_OC1PreloadConfig                     0x08002073   Thumb Code    18  stm32f4xx_tim.o(.text)
    TIM_OC2PreloadConfig                     0x08002085   Thumb Code    26  stm32f4xx_tim.o(.text)
    TIM_OC3PreloadConfig                     0x0800209f   Thumb Code    18  stm32f4xx_tim.o(.text)
    TIM_OC4PreloadConfig                     0x080020b1   Thumb Code    26  stm32f4xx_tim.o(.text)
    TIM_OC1FastConfig                        0x080020cb   Thumb Code    18  stm32f4xx_tim.o(.text)
    TIM_OC2FastConfig                        0x080020dd   Thumb Code    26  stm32f4xx_tim.o(.text)
    TIM_OC3FastConfig                        0x080020f7   Thumb Code    18  stm32f4xx_tim.o(.text)
    TIM_OC4FastConfig                        0x08002109   Thumb Code    26  stm32f4xx_tim.o(.text)
    TIM_ClearOC1Ref                          0x08002123   Thumb Code    18  stm32f4xx_tim.o(.text)
    TIM_ClearOC2Ref                          0x08002135   Thumb Code    24  stm32f4xx_tim.o(.text)
    TIM_ClearOC3Ref                          0x0800214d   Thumb Code    18  stm32f4xx_tim.o(.text)
    TIM_ClearOC4Ref                          0x0800215f   Thumb Code    24  stm32f4xx_tim.o(.text)
    TIM_OC1PolarityConfig                    0x08002177   Thumb Code    18  stm32f4xx_tim.o(.text)
    TIM_OC1NPolarityConfig                   0x08002189   Thumb Code    18  stm32f4xx_tim.o(.text)
    TIM_OC2PolarityConfig                    0x0800219b   Thumb Code    26  stm32f4xx_tim.o(.text)
    TIM_OC2NPolarityConfig                   0x080021b5   Thumb Code    26  stm32f4xx_tim.o(.text)
    TIM_OC3PolarityConfig                    0x080021cf   Thumb Code    26  stm32f4xx_tim.o(.text)
    TIM_OC3NPolarityConfig                   0x080021e9   Thumb Code    26  stm32f4xx_tim.o(.text)
    TIM_OC4PolarityConfig                    0x08002203   Thumb Code    26  stm32f4xx_tim.o(.text)
    TIM_CCxCmd                               0x0800221d   Thumb Code    30  stm32f4xx_tim.o(.text)
    TIM_CCxNCmd                              0x0800223b   Thumb Code    30  stm32f4xx_tim.o(.text)
    TIM_SetIC4Prescaler                      0x08002259   Thumb Code    26  stm32f4xx_tim.o(.text)
    TIM_SetIC3Prescaler                      0x080022c3   Thumb Code    18  stm32f4xx_tim.o(.text)
    TIM_SetIC2Prescaler                      0x0800231d   Thumb Code    26  stm32f4xx_tim.o(.text)
    TIM_SetIC1Prescaler                      0x08002391   Thumb Code    18  stm32f4xx_tim.o(.text)
    TIM_ICInit                               0x080023dd   Thumb Code   110  stm32f4xx_tim.o(.text)
    TIM_ICStructInit                         0x0800244b   Thumb Code    18  stm32f4xx_tim.o(.text)
    TIM_PWMIConfig                           0x0800245d   Thumb Code   124  stm32f4xx_tim.o(.text)
    TIM_GetCapture1                          0x080024d9   Thumb Code     6  stm32f4xx_tim.o(.text)
    TIM_GetCapture2                          0x080024df   Thumb Code     6  stm32f4xx_tim.o(.text)
    TIM_GetCapture3                          0x080024e5   Thumb Code     6  stm32f4xx_tim.o(.text)
    TIM_GetCapture4                          0x080024eb   Thumb Code     6  stm32f4xx_tim.o(.text)
    TIM_BDTRConfig                           0x080024f1   Thumb Code    32  stm32f4xx_tim.o(.text)
    TIM_BDTRStructInit                       0x08002511   Thumb Code    18  stm32f4xx_tim.o(.text)
    TIM_CtrlPWMOutputs                       0x08002523   Thumb Code    30  stm32f4xx_tim.o(.text)
    TIM_SelectCOM                            0x08002541   Thumb Code    24  stm32f4xx_tim.o(.text)
    TIM_CCPreloadControl                     0x08002559   Thumb Code    24  stm32f4xx_tim.o(.text)
    TIM_ITConfig                             0x08002571   Thumb Code    18  stm32f4xx_tim.o(.text)
    TIM_GenerateEvent                        0x08002583   Thumb Code     4  stm32f4xx_tim.o(.text)
    TIM_GetFlagStatus                        0x08002587   Thumb Code    18  stm32f4xx_tim.o(.text)
    TIM_ClearFlag                            0x08002599   Thumb Code     6  stm32f4xx_tim.o(.text)
    TIM_GetITStatus                          0x0800259f   Thumb Code    34  stm32f4xx_tim.o(.text)
    TIM_ClearITPendingBit                    0x080025c1   Thumb Code     6  stm32f4xx_tim.o(.text)
    TIM_DMAConfig                            0x080025c7   Thumb Code    10  stm32f4xx_tim.o(.text)
    TIM_DMACmd                               0x080025d1   Thumb Code    18  stm32f4xx_tim.o(.text)
    TIM_SelectCCDMA                          0x080025e3   Thumb Code    24  stm32f4xx_tim.o(.text)
    TIM_InternalClockConfig                  0x080025fb   Thumb Code    12  stm32f4xx_tim.o(.text)
    TIM_SelectInputTrigger                   0x08002607   Thumb Code    18  stm32f4xx_tim.o(.text)
    TIM_ITRxExternalClockConfig              0x08002619   Thumb Code    24  stm32f4xx_tim.o(.text)
    TIM_TIxExternalClockConfig               0x08002631   Thumb Code    62  stm32f4xx_tim.o(.text)
    TIM_ETRConfig                            0x0800266f   Thumb Code    28  stm32f4xx_tim.o(.text)
    TIM_ETRClockMode1Config                  0x0800268b   Thumb Code    54  stm32f4xx_tim.o(.text)
    TIM_ETRClockMode2Config                  0x080026c1   Thumb Code    32  stm32f4xx_tim.o(.text)
    TIM_SelectOutputTrigger                  0x080026e1   Thumb Code    18  stm32f4xx_tim.o(.text)
    TIM_SelectSlaveMode                      0x080026f3   Thumb Code    18  stm32f4xx_tim.o(.text)
    TIM_SelectMasterSlaveMode                0x08002705   Thumb Code    18  stm32f4xx_tim.o(.text)
    TIM_EncoderInterfaceConfig               0x08002717   Thumb Code    66  stm32f4xx_tim.o(.text)
    TIM_SelectHallSensor                     0x08002759   Thumb Code    24  stm32f4xx_tim.o(.text)
    TIM_RemapConfig                          0x08002771   Thumb Code     6  stm32f4xx_tim.o(.text)
    USART_DeInit                             0x08002779   Thumb Code   206  stm32f4xx_usart.o(.text)
    USART_Init                               0x08002847   Thumb Code   204  stm32f4xx_usart.o(.text)
    USART_StructInit                         0x08002913   Thumb Code    24  stm32f4xx_usart.o(.text)
    USART_ClockInit                          0x0800292b   Thumb Code    32  stm32f4xx_usart.o(.text)
    USART_ClockStructInit                    0x0800294b   Thumb Code    12  stm32f4xx_usart.o(.text)
    USART_Cmd                                0x08002957   Thumb Code    24  stm32f4xx_usart.o(.text)
    USART_SetPrescaler                       0x0800296f   Thumb Code    16  stm32f4xx_usart.o(.text)
    USART_OverSampling8Cmd                   0x0800297f   Thumb Code    22  stm32f4xx_usart.o(.text)
    USART_OneBitMethodCmd                    0x08002995   Thumb Code    24  stm32f4xx_usart.o(.text)
    USART_SendData                           0x080029ad   Thumb Code     8  stm32f4xx_usart.o(.text)
    USART_ReceiveData                        0x080029b5   Thumb Code    10  stm32f4xx_usart.o(.text)
    USART_SetAddress                         0x080029bf   Thumb Code    18  stm32f4xx_usart.o(.text)
    USART_ReceiverWakeUpCmd                  0x080029d1   Thumb Code    24  stm32f4xx_usart.o(.text)
    USART_WakeUpConfig                       0x080029e9   Thumb Code    18  stm32f4xx_usart.o(.text)
    USART_LINBreakDetectLengthConfig         0x080029fb   Thumb Code    18  stm32f4xx_usart.o(.text)
    USART_LINCmd                             0x08002a0d   Thumb Code    24  stm32f4xx_usart.o(.text)
    USART_SendBreak                          0x08002a25   Thumb Code    10  stm32f4xx_usart.o(.text)
    USART_HalfDuplexCmd                      0x08002a2f   Thumb Code    24  stm32f4xx_usart.o(.text)
    USART_SetGuardTime                       0x08002a47   Thumb Code    16  stm32f4xx_usart.o(.text)
    USART_SmartCardCmd                       0x08002a57   Thumb Code    24  stm32f4xx_usart.o(.text)
    USART_SmartCardNACKCmd                   0x08002a6f   Thumb Code    24  stm32f4xx_usart.o(.text)
    USART_IrDAConfig                         0x08002a87   Thumb Code    18  stm32f4xx_usart.o(.text)
    USART_IrDACmd                            0x08002a99   Thumb Code    24  stm32f4xx_usart.o(.text)
    USART_DMACmd                             0x08002ab1   Thumb Code    18  stm32f4xx_usart.o(.text)
    USART_ITConfig                           0x08002ac3   Thumb Code    74  stm32f4xx_usart.o(.text)
    USART_GetFlagStatus                      0x08002b0d   Thumb Code    26  stm32f4xx_usart.o(.text)
    USART_ClearFlag                          0x08002b27   Thumb Code    18  stm32f4xx_usart.o(.text)
    USART_GetITStatus                        0x08002b39   Thumb Code   118  stm32f4xx_usart.o(.text)
    USART_ClearITPendingBit                  0x08002baf   Thumb Code    30  stm32f4xx_usart.o(.text)
    __use_no_semihosting                     0x08002bcd   Thumb Code     2  use_no_semi_2.o(.text)
    __2printf                                0x08002bd1   Thumb Code    20  noretval__2printf.o(.text)
    _printf_int_dec                          0x08002be9   Thumb Code   104  _printf_dec.o(.text)
    __printf                                 0x08002c61   Thumb Code   270  __printf_wp.o(.text)
    __use_two_region_memory                  0x08002d6f   Thumb Code     2  heapauxi.o(.text)
    __rt_heap_escrow$2region                 0x08002d71   Thumb Code     2  heapauxi.o(.text)
    __rt_heap_expand$2region                 0x08002d73   Thumb Code     2  heapauxi.o(.text)
    __I$use$semihosting                      0x08002d75   Thumb Code     0  use_no_semi.o(.text)
    __use_no_semihosting_swi                 0x08002d75   Thumb Code     2  use_no_semi.o(.text)
    _printf_int_common                       0x08002d77   Thumb Code   178  _printf_intcommon.o(.text)
    __lib_sel_fp_printf                      0x08002e29   Thumb Code     2  _printf_fp_dec.o(.text)
    _printf_fp_dec_real                      0x08002fd7   Thumb Code   620  _printf_fp_dec.o(.text)
    _printf_char_file                        0x08003245   Thumb Code    32  _printf_char_file.o(.text)
    __rt_locale                              0x08003269   Thumb Code     8  rt_locale_intlibspace.o(.text)
    _ll_udiv10                               0x08003271   Thumb Code   138  lludiv10.o(.text)
    _printf_char_common                      0x08003307   Thumb Code    32  _printf_char_common.o(.text)
    _printf_fp_infnan                        0x0800332d   Thumb Code   112  _printf_fp_infnan.o(.text)
    _btod_etento                             0x080033ad   Thumb Code   216  bigflt0.o(.text)
    ferror                                   0x08003489   Thumb Code     8  ferror.o(.text)
    __user_libspace                          0x08003491   Thumb Code     8  libspace.o(.text)
    __user_perproc_libspace                  0x08003491   Thumb Code     0  libspace.o(.text)
    __user_perthread_libspace                0x08003491   Thumb Code     0  libspace.o(.text)
    __user_setup_stackheap                   0x08003499   Thumb Code    74  sys_stackheap_outer.o(.text)
    exit                                     0x080034e3   Thumb Code    12  exit.o(.text)
    strcmp                                   0x080034f1   Thumb Code   128  strcmpv7m.o(.text)
    _btod_d2e                                0x08003571   Thumb Code    62  btod.o(CL$$btod_d2e)
    _d2e_denorm_low                          0x080035af   Thumb Code    70  btod.o(CL$$btod_d2e_denorm_low)
    _d2e_norm_op1                            0x080035f5   Thumb Code    96  btod.o(CL$$btod_d2e_norm_op1)
    __btod_div_common                        0x08003655   Thumb Code   696  btod.o(CL$$btod_div_common)
    _e2e                                     0x0800398d   Thumb Code   198  btod.o(CL$$btod_e2e)
    _btod_ediv                               0x08003a53   Thumb Code    40  btod.o(CL$$btod_ediv)
    _btod_emul                               0x08003a7b   Thumb Code    40  btod.o(CL$$btod_emul)
    __btod_mult_common                       0x08003aa3   Thumb Code   580  btod.o(CL$$btod_mult_common)
    __ARM_fpclassify                         0x08003ce7   Thumb Code    48  fpclassify.o(i.__ARM_fpclassify)
    _is_digit                                0x08003d17   Thumb Code    14  __printf_wp.o(i._is_digit)
    _get_lc_numeric                          0x08003d25   Thumb Code    44  lc_numeric_c.o(locale$$code)
    __aeabi_d2f                              0x08003d51   Thumb Code     0  d2f.o(x$fpl$d2f)
    _d2f                                     0x08003d51   Thumb Code    98  d2f.o(x$fpl$d2f)
    __aeabi_ddiv                             0x08003db5   Thumb Code     0  ddiv.o(x$fpl$ddiv)
    _ddiv                                    0x08003db5   Thumb Code   552  ddiv.o(x$fpl$ddiv)
    __aeabi_ui2d                             0x08004065   Thumb Code     0  dflt_clz.o(x$fpl$dfltu)
    _dfltu                                   0x08004065   Thumb Code    38  dflt_clz.o(x$fpl$dfltu)
    __aeabi_dmul                             0x0800408d   Thumb Code     0  dmul.o(x$fpl$dmul)
    _dmul                                    0x0800408d   Thumb Code   332  dmul.o(x$fpl$dmul)
    __fpl_dnaninf                            0x080041e1   Thumb Code   156  dnaninf.o(x$fpl$dnaninf)
    __fpl_dretinf                            0x0800427d   Thumb Code    12  dretinf.o(x$fpl$dretinf)
    __aeabi_f2d                              0x08004289   Thumb Code     0  f2d.o(x$fpl$f2d)
    _f2d                                     0x08004289   Thumb Code    86  f2d.o(x$fpl$f2d)
    __fpl_fnaninf                            0x080042df   Thumb Code   140  fnaninf.o(x$fpl$fnaninf)
    _fp_init                                 0x0800436b   Thumb Code    10  fpinit.o(x$fpl$fpinit)
    __fplib_config_fpu_vfp                   0x08004373   Thumb Code     0  fpinit.o(x$fpl$fpinit)
    __fplib_config_pureend_doubles           0x08004373   Thumb Code     0  fpinit.o(x$fpl$fpinit)
    __fpl_fretinf                            0x08004375   Thumb Code    10  fretinf.o(x$fpl$fretinf)
    _printf_fp_dec                           0x0800437f   Thumb Code     4  printf1.o(x$fpl$printf1)
    __I$use$fp                               0x08004382   Number         0  usenofp.o(x$fpl$usenofp)
    Region$$Table$$Base                      0x08004418   Number         0  anon$$obj.o(Region$$Table)
    Region$$Table$$Limit                     0x08004438   Number         0  anon$$obj.o(Region$$Table)
    SystemCoreClock                          0x20000000   Data           4  system_stm32f4xx.o(.data)
    AHBPrescTable                            0x20000004   Data          16  system_stm32f4xx.o(.data)
    CLK_NUM                                  0x20000014   Data           4  gpio.o(.data)
    rising_first                             0x20000018   Data           4  gpio.o(.data)
    rising_second                            0x2000001c   Data           4  gpio.o(.data)
    falling                                  0x20000020   Data           4  gpio.o(.data)
    FINISH                                   0x20000024   Data           1  gpio.o(.data)
    selet_time                               0x20000025   Data           1  gpio.o(.data)
    rising_flag                              0x20000026   Data           1  gpio.o(.data)
    mode_flag                                0x20000027   Data           1  gpio.o(.data)
    __stdout                                 0x2000002c   Data           4  usart.o(.data)
    USART_RX_STA                             0x20000030   Data           2  usart.o(.data)
    xw_save                                  0x20000044   Data          40  main.o(.bss)
    __libspace_start                         0x2000006c   Data          96  libspace.o(.bss)
    __temporary_stack_top$libspace           0x200000cc   Data           0  libspace.o(.bss)



==============================================================================

Memory Map of the image

  Image Entry point : 0x08000189

  Load Region LR_IROM1 (Base: 0x08000000, Size: 0x00004498, Max: 0x00100000, ABSOLUTE)

    Execution Region ER_IROM1 (Base: 0x08000000, Size: 0x00004454, Max: 0x00100000, ABSOLUTE)

    Base Addr    Size         Type   Attr      Idx    E Section Name        Object

    0x08000000   0x00000188   Data   RO          372    RESET               startup_stm32f40_41xxx.o
    0x08000188   0x00000008   Code   RO         1131  * !!!main             c_w.l(__main.o)
    0x08000190   0x00000034   Code   RO         1374    !!!scatter          c_w.l(__scatter.o)
    0x080001c4   0x0000001a   Code   RO         1376    !!handler_copy      c_w.l(__scatter_copy.o)
    0x080001de   0x00000002   PAD
    0x080001e0   0x0000001c   Code   RO         1378    !!handler_zi        c_w.l(__scatter_zi.o)
    0x080001fc   0x00000000   Code   RO         1128    .ARM.Collect$$_printf_percent$$00000000  c_w.l(_printf_percent.o)
    0x080001fc   0x00000006   Code   RO         1127    .ARM.Collect$$_printf_percent$$00000003  c_w.l(_printf_f.o)
    0x08000202   0x00000006   Code   RO         1126    .ARM.Collect$$_printf_percent$$00000009  c_w.l(_printf_d.o)
    0x08000208   0x00000004   Code   RO         1164    .ARM.Collect$$_printf_percent$$00000017  c_w.l(_printf_percent_end.o)
    0x0800020c   0x00000002   Code   RO         1252    .ARM.Collect$$libinit$$00000000  c_w.l(libinit.o)
    0x0800020e   0x00000004   Code   RO         1253    .ARM.Collect$$libinit$$00000001  c_w.l(libinit2.o)
    0x08000212   0x00000000   Code   RO         1256    .ARM.Collect$$libinit$$00000004  c_w.l(libinit2.o)
    0x08000212   0x00000000   Code   RO         1259    .ARM.Collect$$libinit$$0000000A  c_w.l(libinit2.o)
    0x08000212   0x00000000   Code   RO         1261    .ARM.Collect$$libinit$$0000000C  c_w.l(libinit2.o)
    0x08000212   0x00000000   Code   RO         1263    .ARM.Collect$$libinit$$0000000E  c_w.l(libinit2.o)
    0x08000212   0x00000006   Code   RO         1264    .ARM.Collect$$libinit$$0000000F  c_w.l(libinit2.o)
    0x08000218   0x00000000   Code   RO         1266    .ARM.Collect$$libinit$$00000011  c_w.l(libinit2.o)
    0x08000218   0x00000000   Code   RO         1268    .ARM.Collect$$libinit$$00000013  c_w.l(libinit2.o)
    0x08000218   0x00000000   Code   RO         1270    .ARM.Collect$$libinit$$00000015  c_w.l(libinit2.o)
    0x08000218   0x0000000a   Code   RO         1271    .ARM.Collect$$libinit$$00000016  c_w.l(libinit2.o)
    0x08000222   0x00000000   Code   RO         1272    .ARM.Collect$$libinit$$00000017  c_w.l(libinit2.o)
    0x08000222   0x00000000   Code   RO         1274    .ARM.Collect$$libinit$$00000019  c_w.l(libinit2.o)
    0x08000222   0x00000000   Code   RO         1276    .ARM.Collect$$libinit$$0000001B  c_w.l(libinit2.o)
    0x08000222   0x00000000   Code   RO         1278    .ARM.Collect$$libinit$$0000001D  c_w.l(libinit2.o)
    0x08000222   0x00000000   Code   RO         1280    .ARM.Collect$$libinit$$0000001F  c_w.l(libinit2.o)
    0x08000222   0x00000000   Code   RO         1282    .ARM.Collect$$libinit$$00000021  c_w.l(libinit2.o)
    0x08000222   0x00000000   Code   RO         1284    .ARM.Collect$$libinit$$00000023  c_w.l(libinit2.o)
    0x08000222   0x00000000   Code   RO         1286    .ARM.Collect$$libinit$$00000025  c_w.l(libinit2.o)
    0x08000222   0x00000000   Code   RO         1290    .ARM.Collect$$libinit$$0000002C  c_w.l(libinit2.o)
    0x08000222   0x00000000   Code   RO         1292    .ARM.Collect$$libinit$$0000002E  c_w.l(libinit2.o)
    0x08000222   0x00000000   Code   RO         1294    .ARM.Collect$$libinit$$00000030  c_w.l(libinit2.o)
    0x08000222   0x00000000   Code   RO         1296    .ARM.Collect$$libinit$$00000032  c_w.l(libinit2.o)
    0x08000222   0x00000002   Code   RO         1297    .ARM.Collect$$libinit$$00000033  c_w.l(libinit2.o)
    0x08000224   0x00000002   Code   RO         1325    .ARM.Collect$$libshutdown$$00000000  c_w.l(libshutdown.o)
    0x08000226   0x00000000   Code   RO         1335    .ARM.Collect$$libshutdown$$00000003  c_w.l(libshutdown2.o)
    0x08000226   0x00000000   Code   RO         1338    .ARM.Collect$$libshutdown$$00000006  c_w.l(libshutdown2.o)
    0x08000226   0x00000000   Code   RO         1341    .ARM.Collect$$libshutdown$$00000009  c_w.l(libshutdown2.o)
    0x08000226   0x00000000   Code   RO         1343    .ARM.Collect$$libshutdown$$0000000B  c_w.l(libshutdown2.o)
    0x08000226   0x00000000   Code   RO         1346    .ARM.Collect$$libshutdown$$0000000E  c_w.l(libshutdown2.o)
    0x08000226   0x00000002   Code   RO         1347    .ARM.Collect$$libshutdown$$0000000F  c_w.l(libshutdown2.o)
    0x08000228   0x00000000   Code   RO         1157    .ARM.Collect$$rtentry$$00000000  c_w.l(__rtentry.o)
    0x08000228   0x00000000   Code   RO         1175    .ARM.Collect$$rtentry$$00000002  c_w.l(__rtentry2.o)
    0x08000228   0x00000006   Code   RO         1187    .ARM.Collect$$rtentry$$00000004  c_w.l(__rtentry4.o)
    0x0800022e   0x00000000   Code   RO         1177    .ARM.Collect$$rtentry$$00000009  c_w.l(__rtentry2.o)
    0x0800022e   0x00000004   Code   RO         1178    .ARM.Collect$$rtentry$$0000000A  c_w.l(__rtentry2.o)
    0x08000232   0x00000000   Code   RO         1180    .ARM.Collect$$rtentry$$0000000C  c_w.l(__rtentry2.o)
    0x08000232   0x00000008   Code   RO         1181    .ARM.Collect$$rtentry$$0000000D  c_w.l(__rtentry2.o)
    0x0800023a   0x00000002   Code   RO         1298    .ARM.Collect$$rtexit$$00000000  c_w.l(rtexit.o)
    0x0800023c   0x00000000   Code   RO         1305    .ARM.Collect$$rtexit$$00000002  c_w.l(rtexit2.o)
    0x0800023c   0x00000004   Code   RO         1306    .ARM.Collect$$rtexit$$00000003  c_w.l(rtexit2.o)
    0x08000240   0x00000006   Code   RO         1307    .ARM.Collect$$rtexit$$00000004  c_w.l(rtexit2.o)
    0x08000246   0x00000002   PAD
    0x08000248   0x000003c8   Code   RO            3    .text               main.o
    0x08000610   0x0000001a   Code   RO          157    .text               stm32f4xx_it.o
    0x0800062a   0x00000002   PAD
    0x0800062c   0x00000210   Code   RO          206    .text               system_stm32f4xx.o
    0x0800083c   0x00000680   Code   RO          272    .text               gpio.o
    0x08000ebc   0x00000104   Code   RO          301    .text               delay.o
    0x08000fc0   0x00000104   Code   RO          341    .text               usart.o
    0x080010c4   0x00000040   Code   RO          373    .text               startup_stm32f40_41xxx.o
    0x08001104   0x000000e0   Code   RO          379    .text               misc.o
    0x080011e4   0x00000294   Code   RO          728    .text               stm32f4xx_gpio.o
    0x08001478   0x0000065c   Code   RO          891    .text               stm32f4xx_rcc.o
    0x08001ad4   0x00000ca2   Code   RO         1036    .text               stm32f4xx_tim.o
    0x08002776   0x00000002   PAD
    0x08002778   0x00000454   Code   RO         1056    .text               stm32f4xx_usart.o
    0x08002bcc   0x00000002   Code   RO         1096    .text               c_w.l(use_no_semi_2.o)
    0x08002bce   0x00000002   PAD
    0x08002bd0   0x00000018   Code   RO         1100    .text               c_w.l(noretval__2printf.o)
    0x08002be8   0x00000078   Code   RO         1104    .text               c_w.l(_printf_dec.o)
    0x08002c60   0x0000010e   Code   RO         1114    .text               c_w.l(__printf_wp.o)
    0x08002d6e   0x00000006   Code   RO         1129    .text               c_w.l(heapauxi.o)
    0x08002d74   0x00000002   Code   RO         1155    .text               c_w.l(use_no_semi.o)
    0x08002d76   0x000000b2   Code   RO         1158    .text               c_w.l(_printf_intcommon.o)
    0x08002e28   0x0000041a   Code   RO         1160    .text               c_w.l(_printf_fp_dec.o)
    0x08003242   0x00000002   PAD
    0x08003244   0x00000024   Code   RO         1162    .text               c_w.l(_printf_char_file.o)
    0x08003268   0x00000008   Code   RO         1192    .text               c_w.l(rt_locale_intlibspace.o)
    0x08003270   0x0000008a   Code   RO         1194    .text               c_w.l(lludiv10.o)
    0x080032fa   0x00000002   PAD
    0x080032fc   0x00000030   Code   RO         1196    .text               c_w.l(_printf_char_common.o)
    0x0800332c   0x00000080   Code   RO         1198    .text               c_w.l(_printf_fp_infnan.o)
    0x080033ac   0x000000dc   Code   RO         1200    .text               c_w.l(bigflt0.o)
    0x08003488   0x00000008   Code   RO         1225    .text               c_w.l(ferror.o)
    0x08003490   0x00000008   Code   RO         1236    .text               c_w.l(libspace.o)
    0x08003498   0x0000004a   Code   RO         1239    .text               c_w.l(sys_stackheap_outer.o)
    0x080034e2   0x0000000c   Code   RO         1243    .text               c_w.l(exit.o)
    0x080034ee   0x00000002   PAD
    0x080034f0   0x00000080   Code   RO         1245    .text               c_w.l(strcmpv7m.o)
    0x08003570   0x0000003e   Code   RO         1203    CL$$btod_d2e        c_w.l(btod.o)
    0x080035ae   0x00000046   Code   RO         1205    CL$$btod_d2e_denorm_low  c_w.l(btod.o)
    0x080035f4   0x00000060   Code   RO         1204    CL$$btod_d2e_norm_op1  c_w.l(btod.o)
    0x08003654   0x00000338   Code   RO         1213    CL$$btod_div_common  c_w.l(btod.o)
    0x0800398c   0x000000c6   Code   RO         1210    CL$$btod_e2e        c_w.l(btod.o)
    0x08003a52   0x00000028   Code   RO         1207    CL$$btod_ediv       c_w.l(btod.o)
    0x08003a7a   0x00000028   Code   RO         1206    CL$$btod_emul       c_w.l(btod.o)
    0x08003aa2   0x00000244   Code   RO         1212    CL$$btod_mult_common  c_w.l(btod.o)
    0x08003ce6   0x00000030   Code   RO         1234    i.__ARM_fpclassify  m_wm.l(fpclassify.o)
    0x08003d16   0x0000000e   Code   RO         1116    i._is_digit         c_w.l(__printf_wp.o)
    0x08003d24   0x0000002c   Code   RO         1230    locale$$code        c_w.l(lc_numeric_c.o)
    0x08003d50   0x00000062   Code   RO         1133    x$fpl$d2f           fz_wm.l(d2f.o)
    0x08003db2   0x00000002   PAD
    0x08003db4   0x000002b0   Code   RO         1136    x$fpl$ddiv          fz_wm.l(ddiv.o)
    0x08004064   0x00000026   Code   RO         1143    x$fpl$dfltu         fz_wm.l(dflt_clz.o)
    0x0800408a   0x00000002   PAD
    0x0800408c   0x00000154   Code   RO         1149    x$fpl$dmul          fz_wm.l(dmul.o)
    0x080041e0   0x0000009c   Code   RO         1165    x$fpl$dnaninf       fz_wm.l(dnaninf.o)
    0x0800427c   0x0000000c   Code   RO         1167    x$fpl$dretinf       fz_wm.l(dretinf.o)
    0x08004288   0x00000056   Code   RO         1151    x$fpl$f2d           fz_wm.l(f2d.o)
    0x080042de   0x0000008c   Code   RO         1169    x$fpl$fnaninf       fz_wm.l(fnaninf.o)
    0x0800436a   0x0000000a   Code   RO         1302    x$fpl$fpinit        fz_wm.l(fpinit.o)
    0x08004374   0x0000000a   Code   RO         1171    x$fpl$fretinf       fz_wm.l(fretinf.o)
    0x0800437e   0x00000004   Code   RO         1153    x$fpl$printf1       fz_wm.l(printf1.o)
    0x08004382   0x00000000   Code   RO         1173    x$fpl$usenofp       fz_wm.l(usenofp.o)
    0x08004382   0x00000002   PAD
    0x08004384   0x00000094   Data   RO         1201    .constdata          c_w.l(bigflt0.o)
    0x08004418   0x00000020   Data   RO         1372    Region$$Table       anon$$obj.o
    0x08004438   0x0000001c   Data   RO         1229    locale$$data        c_w.l(lc_numeric_c.o)


    Execution Region RW_IRAM1 (Base: 0x20000000, Size: 0x000006d0, Max: 0x00020000, ABSOLUTE)

    Base Addr    Size         Type   Attr      Idx    E Section Name        Object

    0x20000000   0x00000014   Data   RW          207    .data               system_stm32f4xx.o
    0x20000014   0x00000014   Data   RW          273    .data               gpio.o
    0x20000028   0x00000004   Data   RW          302    .data               delay.o
    0x2000002c   0x00000006   Data   RW          343    .data               usart.o
    0x20000032   0x00000010   Data   RW          892    .data               stm32f4xx_rcc.o
    0x20000042   0x00000002   PAD
    0x20000044   0x00000028   Zero   RW            4    .bss                main.o
    0x2000006c   0x00000060   Zero   RW         1237    .bss                c_w.l(libspace.o)
    0x200000cc   0x00000004   PAD
    0x200000d0   0x00000200   Zero   RW          371    HEAP                startup_stm32f40_41xxx.o
    0x200002d0   0x00000400   Zero   RW          370    STACK               startup_stm32f40_41xxx.o


==============================================================================

Image component sizes


      Code (inc. data)   RO Data    RW Data    ZI Data      Debug   Object Name

       260          8          0          4          0       1413   delay.o
      1664         74          0         20          0       4305   gpio.o
       968        198          0          0         40     283121   main.o
       224         20          0          0          0       1793   misc.o
        64         26        392          0       1536        824   startup_stm32f40_41xxx.o
       660         44          0          0          0       4073   stm32f4xx_gpio.o
        26          0          0          0          0       1210   stm32f4xx_it.o
      1628         52          0         16          0      12844   stm32f4xx_rcc.o
      3234         60          0          0          0      22276   stm32f4xx_tim.o
      1108         34          0          0          0       7772   stm32f4xx_usart.o
       528         46          0         20          0       1743   system_stm32f4xx.o
       260         20          0          6          0       3266   usart.o

    ----------------------------------------------------------------------
     10628        582        424         68       1576     344640   Object Totals
         0          0         32          0          0          0   (incl. Generated)
         4          0          0          2          0          0   (incl. Padding)

    ----------------------------------------------------------------------

      Code (inc. data)   RO Data    RW Data    ZI Data      Debug   Library Member Name

         8          0          0          0          0         68   __main.o
       284          0          0          0          0        156   __printf_wp.o
         0          0          0          0          0          0   __rtentry.o
        12          0          0          0          0          0   __rtentry2.o
         6          0          0          0          0          0   __rtentry4.o
        52          8          0          0          0          0   __scatter.o
        26          0          0          0          0          0   __scatter_copy.o
        28          0          0          0          0          0   __scatter_zi.o
        48          6          0          0          0         96   _printf_char_common.o
        36          4          0          0          0         80   _printf_char_file.o
         6          0          0          0          0          0   _printf_d.o
       120         16          0          0          0         92   _printf_dec.o
         6          0          0          0          0          0   _printf_f.o
      1050          0          0          0          0        216   _printf_fp_dec.o
       128         16          0          0          0         84   _printf_fp_infnan.o
       178          0          0          0          0         88   _printf_intcommon.o
         0          0          0          0          0          0   _printf_percent.o
         4          0          0          0          0          0   _printf_percent_end.o
       220          4        148          0          0         96   bigflt0.o
      1910        128          0          0          0        672   btod.o
        12          0          0          0          0         72   exit.o
         8          0          0          0          0         68   ferror.o
         6          0          0          0          0        152   heapauxi.o
        44         10         28          0          0         76   lc_numeric_c.o
         2          0          0          0          0          0   libinit.o
        22          0          0          0          0          0   libinit2.o
         2          0          0          0          0          0   libshutdown.o
         2          0          0          0          0          0   libshutdown2.o
         8          4          0          0         96         68   libspace.o
       138          0          0          0          0         80   lludiv10.o
        24          4          0          0          0         84   noretval__2printf.o
         8          4          0          0          0         68   rt_locale_intlibspace.o
         2          0          0          0          0          0   rtexit.o
        10          0          0          0          0          0   rtexit2.o
       128          0          0          0          0         68   strcmpv7m.o
        74          0          0          0          0         80   sys_stackheap_outer.o
         2          0          0          0          0         68   use_no_semi.o
         2          0          0          0          0         68   use_no_semi_2.o
        98          4          0          0          0        140   d2f.o
       688        140          0          0          0        256   ddiv.o
        38          0          0          0          0        116   dflt_clz.o
       340         12          0          0          0        152   dmul.o
       156          4          0          0          0        140   dnaninf.o
        12          0          0          0          0        116   dretinf.o
        86          4          0          0          0        132   f2d.o
       140          4          0          0          0        132   fnaninf.o
        10          0          0          0          0        116   fpinit.o
        10          0          0          0          0        116   fretinf.o
         4          0          0          0          0        116   printf1.o
         0          0          0          0          0          0   usenofp.o
        48          0          0          0          0        124   fpclassify.o

    ----------------------------------------------------------------------
      6264        372        176          0        100       4256   Library Totals
        18          0          0          0          4          0   (incl. Padding)

    ----------------------------------------------------------------------

      Code (inc. data)   RO Data    RW Data    ZI Data      Debug   Library Name

      4616        204        176          0         96       2600   c_w.l
      1582        168          0          0          0       1532   fz_wm.l
        48          0          0          0          0        124   m_wm.l

    ----------------------------------------------------------------------
      6264        372        176          0        100       4256   Library Totals

    ----------------------------------------------------------------------

==============================================================================


      Code (inc. data)   RO Data    RW Data    ZI Data      Debug   

     16892        954        600         68       1676     344192   Grand Totals
     16892        954        600         68       1676     344192   ELF Image Totals
     16892        954        600         68          0          0   ROM Totals

==============================================================================

    Total RO  Size (Code + RO Data)                17492 (  17.08kB)
    Total RW  Size (RW Data + ZI Data)              1744 (   1.70kB)
    Total ROM Size (Code + RO Data + RW Data)      17560 (  17.15kB)

==============================================================================

